Archive member included to satisfy reference by file (symbol)

/usr/lib/gcc/arm-none-eabi/9.2.1/../../../arm-none-eabi/lib/thumb/v7e-m+fp/hard/libc_nano.a(lib_a-atexit.o)
                              /usr/lib/gcc/arm-none-eabi/9.2.1/../../../arm-none-eabi/lib/thumb/v7e-m+fp/hard/crt0.o (atexit)
/usr/lib/gcc/arm-none-eabi/9.2.1/../../../arm-none-eabi/lib/thumb/v7e-m+fp/hard/libc_nano.a(lib_a-ctype_.o)
                              _build/nrf52832_xxaa/nrf_log_str_formatter.c.o (_ctype_)
/usr/lib/gcc/arm-none-eabi/9.2.1/../../../arm-none-eabi/lib/thumb/v7e-m+fp/hard/libc_nano.a(lib_a-exit.o)
                              /usr/lib/gcc/arm-none-eabi/9.2.1/../../../arm-none-eabi/lib/thumb/v7e-m+fp/hard/crt0.o (exit)
/usr/lib/gcc/arm-none-eabi/9.2.1/../../../arm-none-eabi/lib/thumb/v7e-m+fp/hard/libc_nano.a(lib_a-fini.o)
                              /usr/lib/gcc/arm-none-eabi/9.2.1/../../../arm-none-eabi/lib/thumb/v7e-m+fp/hard/crt0.o (__libc_fini_array)
/usr/lib/gcc/arm-none-eabi/9.2.1/../../../arm-none-eabi/lib/thumb/v7e-m+fp/hard/libc_nano.a(lib_a-impure.o)
                              /usr/lib/gcc/arm-none-eabi/9.2.1/../../../arm-none-eabi/lib/thumb/v7e-m+fp/hard/libc_nano.a(lib_a-exit.o) (_global_impure_ptr)
/usr/lib/gcc/arm-none-eabi/9.2.1/../../../arm-none-eabi/lib/thumb/v7e-m+fp/hard/libc_nano.a(lib_a-init.o)
                              /usr/lib/gcc/arm-none-eabi/9.2.1/../../../arm-none-eabi/lib/thumb/v7e-m+fp/hard/crt0.o (__libc_init_array)
/usr/lib/gcc/arm-none-eabi/9.2.1/../../../arm-none-eabi/lib/thumb/v7e-m+fp/hard/libc_nano.a(lib_a-memcmp.o)
                              _build/nrf52832_xxaa/ble_advdata.c.o (memcmp)
/usr/lib/gcc/arm-none-eabi/9.2.1/../../../arm-none-eabi/lib/thumb/v7e-m+fp/hard/libc_nano.a(lib_a-memcpy.o)
                              _build/nrf52832_xxaa/nrf_log_frontend.c.o (memcpy)
/usr/lib/gcc/arm-none-eabi/9.2.1/../../../arm-none-eabi/lib/thumb/v7e-m+fp/hard/libc_nano.a(lib_a-memset.o)
                              /usr/lib/gcc/arm-none-eabi/9.2.1/../../../arm-none-eabi/lib/thumb/v7e-m+fp/hard/crt0.o (memset)
/usr/lib/gcc/arm-none-eabi/9.2.1/../../../arm-none-eabi/lib/thumb/v7e-m+fp/hard/libc_nano.a(lib_a-strcpy.o)
                              _build/nrf52832_xxaa/SEGGER_RTT.c.o (strcpy)
/usr/lib/gcc/arm-none-eabi/9.2.1/../../../arm-none-eabi/lib/thumb/v7e-m+fp/hard/libc_nano.a(lib_a-strlen.o)
                              _build/nrf52832_xxaa/nrf_log_frontend.c.o (strlen)
/usr/lib/gcc/arm-none-eabi/9.2.1/../../../arm-none-eabi/lib/thumb/v7e-m+fp/hard/libc_nano.a(lib_a-__atexit.o)
                              /usr/lib/gcc/arm-none-eabi/9.2.1/../../../arm-none-eabi/lib/thumb/v7e-m+fp/hard/libc_nano.a(lib_a-atexit.o) (__register_exitproc)
/usr/lib/gcc/arm-none-eabi/9.2.1/../../../arm-none-eabi/lib/thumb/v7e-m+fp/hard/libc_nano.a(lib_a-__call_atexit.o)
                              /usr/lib/gcc/arm-none-eabi/9.2.1/../../../arm-none-eabi/lib/thumb/v7e-m+fp/hard/libc_nano.a(lib_a-__atexit.o) (__call_exitprocs)
/usr/lib/gcc/arm-none-eabi/9.2.1/../../../arm-none-eabi/lib/thumb/v7e-m+fp/hard/libnosys.a(_exit.o)
                              /usr/lib/gcc/arm-none-eabi/9.2.1/../../../arm-none-eabi/lib/thumb/v7e-m+fp/hard/libc_nano.a(lib_a-exit.o) (_exit)
/usr/lib/gcc/arm-none-eabi/9.2.1/thumb/v7e-m+fp/hard/libgcc.a(_aeabi_ldivmod.o)
                              _build/nrf52832_xxaa/bsp.c.o (__aeabi_ldivmod)
/usr/lib/gcc/arm-none-eabi/9.2.1/thumb/v7e-m+fp/hard/libgcc.a(_aeabi_uldivmod.o)
                              _build/nrf52832_xxaa/bsp.c.o (__aeabi_uldivmod)
/usr/lib/gcc/arm-none-eabi/9.2.1/thumb/v7e-m+fp/hard/libgcc.a(_udivmoddi4.o)
                              /usr/lib/gcc/arm-none-eabi/9.2.1/thumb/v7e-m+fp/hard/libgcc.a(_aeabi_ldivmod.o) (__udivmoddi4)
/usr/lib/gcc/arm-none-eabi/9.2.1/thumb/v7e-m+fp/hard/libgcc.a(_dvmd_tls.o)
                              /usr/lib/gcc/arm-none-eabi/9.2.1/thumb/v7e-m+fp/hard/libgcc.a(_aeabi_ldivmod.o) (__aeabi_ldiv0)

Allocating common symbols
Common symbol       size              file

nrf_nvic_state      0xc               _build/nrf52832_xxaa/app_util_platform.c.o
nrf_drv_uart_use_easy_dma
                    0x1               _build/nrf52832_xxaa/nrf_drv_uart.c.o
m_sample_gyro       0x6               _build/nrf52832_xxaa/main.c.o
m_sample_accel      0x6               _build/nrf52832_xxaa/main.c.o
_SEGGER_RTT         0x78              _build/nrf52832_xxaa/SEGGER_RTT.c.o

Discarded input sections

 .text          0x0000000000000000        0x0 /usr/lib/gcc/arm-none-eabi/9.2.1/thumb/v7e-m+fp/hard/crti.o
 .data          0x0000000000000000        0x0 /usr/lib/gcc/arm-none-eabi/9.2.1/thumb/v7e-m+fp/hard/crti.o
 .bss           0x0000000000000000        0x0 /usr/lib/gcc/arm-none-eabi/9.2.1/thumb/v7e-m+fp/hard/crti.o
 .data          0x0000000000000000        0x4 /usr/lib/gcc/arm-none-eabi/9.2.1/thumb/v7e-m+fp/hard/crtbegin.o
[...]
Memory Configuration

Name             Origin             Length             Attributes
FLASH            0x0000000000026000 0x000000000005a000 xr
RAM              0x0000000020002ad8 0x000000000000d528 xrw
*default*        0x0000000000000000 0xffffffffffffffff

Linker script and memory map


.text           0x0000000000026000     0x9ac0
 *(.isr_vector)
 .isr_vector    0x0000000000026000      0x200 _build/nrf52832_xxaa/gcc_startup_nrf52.S.o
                0x0000000000026000                __isr_vector
 *(.text*)
 .text          0x0000000000026200       0x88 /usr/lib/gcc/arm-none-eabi/9.2.1/thumb/v7e-m+fp/hard/crtbegin.o
 .text          0x0000000000026288       0x70 /usr/lib/gcc/arm-none-eabi/9.2.1/../../../arm-none-eabi/lib/thumb/v7e-m+fp/hard/crt0.o
                0x0000000000026288                _stack_init
                0x0000000000026290                _mainCRTStartup
                0x0000000000026290                _start
 .text          0x00000000000262f8       0x3c _build/nrf52832_xxaa/gcc_startup_nrf52.S.o
                0x00000000000262f8                Reset_Handler
                0x0000000000026320                NMI_Handler
                0x0000000000026322                HardFault_Handler
                0x0000000000026324                MemoryManagement_Handler
                0x0000000000026326                BusFault_Handler
                0x0000000000026328                UsageFault_Handler
                0x000000000002632a                SVC_Handler
                0x000000000002632c                DebugMon_Handler
                0x000000000002632e                PendSV_Handler
                0x0000000000026330                SysTick_Handler
                0x0000000000026332                TIMER2_IRQHandler
                0x0000000000026332                RTC0_IRQHandler
                0x0000000000026332                SWI0_EGU0_IRQHandler
                0x0000000000026332                PWM1_IRQHandler
                0x0000000000026332                RADIO_IRQHandler
                0x0000000000026332                PDM_IRQHandler
                0x0000000000026332                TEMP_IRQHandler
                0x0000000000026332                QDEC_IRQHandler
                0x0000000000026332                TIMER3_IRQHandler
                0x0000000000026332                FPU_IRQHandler
                0x0000000000026332                TIMER4_IRQHandler
                0x0000000000026332                I2S_IRQHandler
                0x0000000000026332                SWI4_EGU4_IRQHandler
                0x0000000000026332                PWM2_IRQHandler
                0x0000000000026332                ECB_IRQHandler
                0x0000000000026332                SPIM1_SPIS1_TWIM1_TWIS1_SPI1_TWI1_IRQHandler
                0x0000000000026332                Default_Handler
                0x0000000000026332                CCM_AAR_IRQHandler
                0x0000000000026332                WDT_IRQHandler
                0x0000000000026332                SWI5_EGU5_IRQHandler
                0x0000000000026332                RNG_IRQHandler
                0x0000000000026332                PWM0_IRQHandler
                0x0000000000026332                SWI3_EGU3_IRQHandler
                0x0000000000026332                SWI1_EGU1_IRQHandler
                0x0000000000026332                SPIM2_SPIS2_SPI2_IRQHandler
                0x0000000000026332                NFCT_IRQHandler
                0x0000000000026332                MWU_IRQHandler
                0x0000000000026332                COMP_LPCOMP_IRQHandler
 .text.nrf_log_backend_rtt_flush
                0x0000000000026334        0x4 _build/nrf52832_xxaa/nrf_log_backend_rtt.c.o
 .text.nrf_log_backend_rtt_put
                0x0000000000026338       0x20 _build/nrf52832_xxaa/nrf_log_backend_rtt.c.o
 .text.serial_tx
                0x0000000000026358       0x54 _build/nrf52832_xxaa/nrf_log_backend_rtt.c.o
 .text.nrf_log_backend_rtt_panic_set
                0x00000000000263ac        0x4 _build/nrf52832_xxaa/nrf_log_backend_rtt.c.o
 .text.nrf_log_backend_rtt_init
                0x00000000000263b0        0x4 _build/nrf52832_xxaa/nrf_log_backend_rtt.c.o
                0x00000000000263b0                nrf_log_backend_rtt_init
 .text.nrf_log_backend_serial_put
                0x00000000000263b4       0xd8 _build/nrf52832_xxaa/nrf_log_backend_serial.c.o
                0x00000000000263b4                nrf_log_backend_serial_put
 .text.nrf_log_default_backends_init
                0x000000000002648c       0x20 _build/nrf52832_xxaa/nrf_log_default_backends.c.o
                0x000000000002648c                nrf_log_default_backends_init
 .text.nrf_log_init
                0x00000000000264ac       0x28 _build/nrf52832_xxaa/nrf_log_frontend.c.o
                0x00000000000264ac                nrf_log_init
 .text.nrf_log_module_name_get
                0x00000000000264d4       0x48 _build/nrf52832_xxaa/nrf_log_frontend.c.o
                0x00000000000264d4                nrf_log_module_name_get
 .text.nrf_log_color_id_get
                0x000000000002651c       0x2c _build/nrf52832_xxaa/nrf_log_frontend.c.o
                0x000000000002651c                nrf_log_color_id_get
 .text.nrf_log_frontend_dequeue
                0x0000000000026548      0x250 _build/nrf52832_xxaa/nrf_log_frontend.c.o
                0x0000000000026548                nrf_log_frontend_dequeue
 .text.nrf_log_frontend_std_0
                0x0000000000026798      0x188 _build/nrf52832_xxaa/nrf_log_frontend.c.o
                0x0000000000026798                nrf_log_frontend_std_0
 .text.nrf_log_frontend_std_1
                0x0000000000026920      0x19c _build/nrf52832_xxaa/nrf_log_frontend.c.o
                0x0000000000026920                nrf_log_frontend_std_1
 .text.nrf_log_frontend_std_2
                0x0000000000026abc      0x1b0 _build/nrf52832_xxaa/nrf_log_frontend.c.o
                0x0000000000026abc                nrf_log_frontend_std_2
 .text.nrf_log_frontend_std_6
                0x0000000000026c6c      0x200 _build/nrf52832_xxaa/nrf_log_frontend.c.o
                0x0000000000026c6c                nrf_log_frontend_std_6
 .text.nrf_log_backend_add
                0x0000000000026e6c       0x5c _build/nrf52832_xxaa/nrf_log_frontend.c.o
                0x0000000000026e6c                nrf_log_backend_add
 .text.nrf_log_panic
                0x0000000000026ec8       0x28 _build/nrf52832_xxaa/nrf_log_frontend.c.o
                0x0000000000026ec8                nrf_log_panic
 .text.prefix_process
                0x0000000000026ef0       0x80 _build/nrf52832_xxaa/nrf_log_str_formatter.c.o
 .text.nrf_log_std_entry_process
                0x0000000000026f70       0xf0 _build/nrf52832_xxaa/nrf_log_str_formatter.c.o
                0x0000000000026f70                nrf_log_std_entry_process
 .text.nrf_log_hexdump_entry_process
                0x0000000000027060       0xfc _build/nrf52832_xxaa/nrf_log_str_formatter.c.o
                0x0000000000027060                nrf_log_hexdump_entry_process
 .text.gpiote_event_handler
                0x000000000002715c       0x74 _build/nrf52832_xxaa/app_button.c.o
 .text.detection_delay_timeout_handler
                0x00000000000271d0      0x264 _build/nrf52832_xxaa/app_button.c.o
 .text.app_button_init
                0x0000000000027434       0xc0 _build/nrf52832_xxaa/app_button.c.o
                0x0000000000027434                app_button_init
 .text.app_button_enable
                0x00000000000274f4       0x2c _build/nrf52832_xxaa/app_button.c.o
                0x00000000000274f4                app_button_enable
 .text.app_error_handler_bare
                0x0000000000027520       0x20 _build/nrf52832_xxaa/app_error.c.o
                0x0000000000027520                app_error_handler_bare
 .text.app_error_fault_handler
                0x0000000000027540       0x70 _build/nrf52832_xxaa/app_error_weak.c.o
                0x0000000000027540                app_error_fault_handler
 .text.compare_func
                0x00000000000275b0       0x18 _build/nrf52832_xxaa/app_timer2.c.o
 .text.rtc_irq  0x00000000000275c8      0x318 _build/nrf52832_xxaa/app_timer2.c.o
 .text.app_timer_init
                0x00000000000278e0       0x6c _build/nrf52832_xxaa/app_timer2.c.o
                0x00000000000278e0                app_timer_init
 .text.app_timer_create
                0x000000000002794c       0x1c _build/nrf52832_xxaa/app_timer2.c.o
                0x000000000002794c                app_timer_create
 .text.app_timer_start
                0x0000000000027968       0x8c _build/nrf52832_xxaa/app_timer2.c.o
                0x0000000000027968                app_timer_start
 .text.app_timer_stop
                0x00000000000279f4       0x44 _build/nrf52832_xxaa/app_timer2.c.o
                0x00000000000279f4                app_timer_stop
 .text.SAADC_IRQHandler
                0x0000000000027a38      0x1b4 _build/nrf52832_xxaa/nrfx_saadc.c.o
                0x0000000000027a38                SAADC_IRQHandler
 .text.nrfx_saadc_init
                0x0000000000027bec       0xa8 _build/nrf52832_xxaa/nrfx_saadc.c.o
                0x0000000000027bec                nrfx_saadc_init
 .text.nrfx_saadc_uninit
                0x0000000000027c94      0x2a8 _build/nrf52832_xxaa/nrfx_saadc.c.o
                0x0000000000027c94                nrfx_saadc_uninit
 .text.nrfx_saadc_channel_init
                0x0000000000027f3c       0xd8 _build/nrf52832_xxaa/nrfx_saadc.c.o
                0x0000000000027f3c                nrfx_saadc_channel_init
 .text.nrfx_saadc_buffer_convert
                0x0000000000028014       0xc4 _build/nrf52832_xxaa/nrfx_saadc.c.o
                0x0000000000028014                nrfx_saadc_buffer_convert
 .text.nrfx_saadc_sample
                0x00000000000280d8       0x30 _build/nrf52832_xxaa/nrfx_saadc.c.o
                0x00000000000280d8                nrfx_saadc_sample
 .text.nrfx_saadc_limits_set
                0x0000000000028108       0x7c _build/nrf52832_xxaa/nrfx_saadc.c.o
                0x0000000000028108                nrfx_saadc_limits_set
 .text.TIMER0_IRQHandler
                0x0000000000028184       0x58 _build/nrf52832_xxaa/nrfx_timer.c.o
                0x0000000000028184                TIMER0_IRQHandler
 .text.TIMER1_IRQHandler
                0x00000000000281dc       0x58 _build/nrf52832_xxaa/nrfx_timer.c.o
                0x00000000000281dc                TIMER1_IRQHandler
 .text.app_util_critical_region_enter
                0x0000000000028234       0x4c _build/nrf52832_xxaa/app_util_platform.c.o
                0x0000000000028234                app_util_critical_region_enter
 .text.app_util_critical_region_exit
                0x0000000000028280       0x30 _build/nrf52832_xxaa/app_util_platform.c.o
                0x0000000000028280                app_util_critical_region_exit
 .text.nrfx_rtc_init
                0x00000000000282b0       0x90 _build/nrf52832_xxaa/nrfx_rtc.c.o
                0x00000000000282b0                nrfx_rtc_init
 .text.nrfx_rtc_enable
                0x0000000000028340       0x18 _build/nrf52832_xxaa/nrfx_rtc.c.o
                0x0000000000028340                nrfx_rtc_enable
 .text.nrfx_rtc_cc_set
                0x0000000000028358       0x9c _build/nrf52832_xxaa/nrfx_rtc.c.o
                0x0000000000028358                nrfx_rtc_cc_set
 .text.RTC2_IRQHandler
                0x00000000000283f4       0xb0 _build/nrf52832_xxaa/nrfx_rtc.c.o
                0x00000000000283f4                RTC2_IRQHandler
 .text.drv_rtc_init
                0x00000000000284a4       0xc0 _build/nrf52832_xxaa/drv_rtc.c.o
                0x00000000000284a4                drv_rtc_init
 .text.drv_rtc_start
                0x0000000000028564        0x8 _build/nrf52832_xxaa/drv_rtc.c.o
                0x0000000000028564                drv_rtc_start
 .text.drv_rtc_stop
                0x000000000002856c        0x8 _build/nrf52832_xxaa/drv_rtc.c.o
                0x000000000002856c                drv_rtc_stop
 .text.drv_rtc_compare_set
                0x0000000000028574       0x4c _build/nrf52832_xxaa/drv_rtc.c.o
                0x0000000000028574                drv_rtc_compare_set
 .text.drv_rtc_windowed_compare_set
                0x00000000000285c0       0xf8 _build/nrf52832_xxaa/drv_rtc.c.o
                0x00000000000285c0                drv_rtc_windowed_compare_set
 .text.drv_rtc_overflow_enable
                0x00000000000286b8       0x14 _build/nrf52832_xxaa/drv_rtc.c.o
                0x00000000000286b8                drv_rtc_overflow_enable
 .text.drv_rtc_overflow_pending
                0x00000000000286cc       0x20 _build/nrf52832_xxaa/drv_rtc.c.o
                0x00000000000286cc                drv_rtc_overflow_pending
 .text.drv_rtc_compare_disable
                0x00000000000286ec       0x18 _build/nrf52832_xxaa/drv_rtc.c.o
                0x00000000000286ec                drv_rtc_compare_disable
 .text.drv_rtc_compare_pending
                0x0000000000028704       0x20 _build/nrf52832_xxaa/drv_rtc.c.o
                0x0000000000028704                drv_rtc_compare_pending
 .text.drv_rtc_counter_get
                0x0000000000028724        0x8 _build/nrf52832_xxaa/drv_rtc.c.o
                0x0000000000028724                drv_rtc_counter_get
 .text.drv_rtc_irq_trigger
                0x000000000002872c       0x24 _build/nrf52832_xxaa/drv_rtc.c.o
                0x000000000002872c                drv_rtc_irq_trigger
 .text.RTC1_IRQHandler
                0x0000000000028750       0x14 _build/nrf52832_xxaa/drv_rtc.c.o
                0x0000000000028750                RTC1_IRQHandler
 .text.nrf_atfifo_init
                0x0000000000028764       0x30 _build/nrf52832_xxaa/nrf_atfifo.c.o
                0x0000000000028764                nrf_atfifo_init
 .text.nrf_atfifo_item_alloc
                0x0000000000028794       0x5c _build/nrf52832_xxaa/nrf_atfifo.c.o
                0x0000000000028794                nrf_atfifo_item_alloc
 .text.nrf_atfifo_item_put
                0x00000000000287f0       0x20 _build/nrf52832_xxaa/nrf_atfifo.c.o
                0x00000000000287f0                nrf_atfifo_item_put
 .text.nrf_atfifo_item_get
                0x0000000000028810       0x60 _build/nrf52832_xxaa/nrf_atfifo.c.o
                0x0000000000028810                nrf_atfifo_item_get
 .text.nrf_atfifo_item_free
                0x0000000000028870       0x20 _build/nrf52832_xxaa/nrf_atfifo.c.o
                0x0000000000028870                nrf_atfifo_item_free
 .text.nrf_atflags_set
                0x0000000000028890       0x14 _build/nrf52832_xxaa/nrf_atflags.c.o
                0x0000000000028890                nrf_atflags_set
 .text.nrf_atflags_clear
                0x00000000000288a4       0x14 _build/nrf52832_xxaa/nrf_atflags.c.o
                0x00000000000288a4                nrf_atflags_clear
 .text.nrf_atflags_get
                0x00000000000288b8       0x14 _build/nrf52832_xxaa/nrf_atflags.c.o
                0x00000000000288b8                nrf_atflags_get
 .text.nrf_atomic_u32_fetch_store
                0x00000000000288cc       0x1c _build/nrf52832_xxaa/nrf_atomic.c.o
                0x00000000000288cc                nrf_atomic_u32_fetch_store
 .text.nrf_atomic_u32_or
                0x00000000000288e8       0x1c _build/nrf52832_xxaa/nrf_atomic.c.o
                0x00000000000288e8                nrf_atomic_u32_or
 .text.nrf_atomic_u32_and
                0x0000000000028904       0x1c _build/nrf52832_xxaa/nrf_atomic.c.o
                0x0000000000028904                nrf_atomic_u32_and
 .text.nrf_atomic_u32_add
                0x0000000000028920       0x1c _build/nrf52832_xxaa/nrf_atomic.c.o
                0x0000000000028920                nrf_atomic_u32_add
 .text.nrf_atomic_u32_sub
                0x000000000002893c       0x1c _build/nrf52832_xxaa/nrf_atomic.c.o
                0x000000000002893c                nrf_atomic_u32_sub
 .text.nrf_atomic_flag_set
                0x0000000000028958       0x20 _build/nrf52832_xxaa/nrf_atomic.c.o
                0x0000000000028958                nrf_atomic_flag_set
 .text.nrf_atomic_flag_clear_fetch
                0x0000000000028978       0x20 _build/nrf52832_xxaa/nrf_atomic.c.o
                0x0000000000028978                nrf_atomic_flag_clear_fetch
 .text.nrf_balloc_init
                0x0000000000028998       0x38 _build/nrf52832_xxaa/nrf_balloc.c.o
                0x0000000000028998                nrf_balloc_init
 .text.nrf_balloc_alloc
                0x00000000000289d0       0x50 _build/nrf52832_xxaa/nrf_balloc.c.o
                0x00000000000289d0                nrf_balloc_alloc
 .text.nrf_balloc_free
                0x0000000000028a20       0x38 _build/nrf52832_xxaa/nrf_balloc.c.o
                0x0000000000028a20                nrf_balloc_free
 .text.nrf_fprintf_buffer_flush
                0x0000000000028a58       0x18 _build/nrf52832_xxaa/nrf_fprintf.c.o
                0x0000000000028a58                nrf_fprintf_buffer_flush
 .text.nrf_fprintf
                0x0000000000028a70       0x20 _build/nrf52832_xxaa/nrf_fprintf.c.o
                0x0000000000028a70                nrf_fprintf
 .text.unsigned_print
                0x0000000000028a90      0x14c _build/nrf52832_xxaa/nrf_fprintf_format.c.o
 .text.nrf_fprintf_fmt
                0x0000000000028bdc      0x5cc _build/nrf52832_xxaa/nrf_fprintf_format.c.o
                0x0000000000028bdc                nrf_fprintf_fmt
 .text.nrf_memobj_pool_init
                0x00000000000291a8        0x4 _build/nrf52832_xxaa/nrf_memobj.c.o
                0x00000000000291a8                nrf_memobj_pool_init
 .text.nrf_memobj_alloc
                0x00000000000291ac       0x94 _build/nrf52832_xxaa/nrf_memobj.c.o
                0x00000000000291ac                nrf_memobj_alloc
 .text.nrf_memobj_get
                0x0000000000029240        0x8 _build/nrf52832_xxaa/nrf_memobj.c.o
                0x0000000000029240                nrf_memobj_get
 .text.nrf_memobj_put
                0x0000000000029248       0x58 _build/nrf52832_xxaa/nrf_memobj.c.o
                0x0000000000029248                nrf_memobj_put
 .text.nrf_memobj_write
                0x00000000000292a0       0x68 _build/nrf52832_xxaa/nrf_memobj.c.o
                0x00000000000292a0                nrf_memobj_write
 .text.nrf_memobj_read
                0x0000000000029308       0x68 _build/nrf52832_xxaa/nrf_memobj.c.o
                0x0000000000029308                nrf_memobj_read
 .text.sd_app_evt_wait
                0x0000000000029370        0x4 _build/nrf52832_xxaa/nrf_pwr_mgmt.c.o
 .text.nrf_pwr_mgmt_init
                0x0000000000029374       0x2c _build/nrf52832_xxaa/nrf_pwr_mgmt.c.o
                0x0000000000029374                nrf_pwr_mgmt_init
 .text.nrf_pwr_mgmt_run
                0x00000000000293a0       0x54 _build/nrf52832_xxaa/nrf_pwr_mgmt.c.o
                0x00000000000293a0                nrf_pwr_mgmt_run
 .text.nrf_ringbuf_init
                0x00000000000293f4       0x1c _build/nrf52832_xxaa/nrf_ringbuf.c.o
                0x00000000000293f4                nrf_ringbuf_init
 .text.nrf_section_iter_init
                0x0000000000029410       0x14 _build/nrf52832_xxaa/nrf_section_iter.c.o
                0x0000000000029410                nrf_section_iter_init
 .text.nrf_section_iter_next
                0x0000000000029424       0x18 _build/nrf52832_xxaa/nrf_section_iter.c.o
                0x0000000000029424                nrf_section_iter_next
 .text.nrf_sortlist_add
                0x000000000002943c       0x28 _build/nrf52832_xxaa/nrf_sortlist.c.o
                0x000000000002943c                nrf_sortlist_add
 .text.nrf_sortlist_pop
                0x0000000000029464        0xc _build/nrf52832_xxaa/nrf_sortlist.c.o
                0x0000000000029464                nrf_sortlist_pop
 .text.nrf_sortlist_peek
                0x0000000000029470        0x8 _build/nrf52832_xxaa/nrf_sortlist.c.o
                0x0000000000029470                nrf_sortlist_peek
 .text.nrf_sortlist_remove
                0x0000000000029478       0x1c _build/nrf52832_xxaa/nrf_sortlist.c.o
                0x0000000000029478                nrf_sortlist_remove
 .text.nrf_strerror_get
                0x0000000000029494       0x50 _build/nrf52832_xxaa/nrf_strerror.c.o
                0x0000000000029494                nrf_strerror_get
 .text.SystemInit
                0x00000000000294e4      0x410 _build/nrf52832_xxaa/system_nrf52.c.o
                0x00000000000294e4                SystemInit
 .text.bsp_board_led_state_get
                0x00000000000298f4       0x1c _build/nrf52832_xxaa/boards.c.o
                0x00000000000298f4                bsp_board_led_state_get
 .text.bsp_board_led_on
                0x0000000000029910       0x18 _build/nrf52832_xxaa/boards.c.o
                0x0000000000029910                bsp_board_led_on
 .text.bsp_board_led_off
                0x0000000000029928       0x18 _build/nrf52832_xxaa/boards.c.o
                0x0000000000029928                bsp_board_led_off
 .text.bsp_board_leds_off
                0x0000000000029940       0x2c _build/nrf52832_xxaa/boards.c.o
                0x0000000000029940                bsp_board_leds_off
 .text.bsp_board_leds_on
                0x000000000002996c       0x2c _build/nrf52832_xxaa/boards.c.o
                0x000000000002996c                bsp_board_leds_on
 .text.bsp_board_led_invert
                0x0000000000029998       0x24 _build/nrf52832_xxaa/boards.c.o
                0x0000000000029998                bsp_board_led_invert
 .text.bsp_board_button_state_get
                0x00000000000299bc       0x1c _build/nrf52832_xxaa/boards.c.o
                0x00000000000299bc                bsp_board_button_state_get
 .text.bsp_board_pin_to_button_idx
                0x00000000000299d8       0x24 _build/nrf52832_xxaa/boards.c.o
                0x00000000000299d8                bsp_board_pin_to_button_idx
 .text.bsp_board_init
                0x00000000000299fc       0x5c _build/nrf52832_xxaa/boards.c.o
                0x00000000000299fc                bsp_board_init
 .text.clock_irq_handler
                0x0000000000029a58       0x44 _build/nrf52832_xxaa/nrf_drv_clock.c.o
 .text.soc_evt_handler
                0x0000000000029a9c       0x28 _build/nrf52832_xxaa/nrf_drv_clock.c.o
 .text.sd_state_evt_handler
                0x0000000000029ac4       0xc8 _build/nrf52832_xxaa/nrf_drv_clock.c.o
 .text.twim_evt_handler
                0x0000000000029b8c       0x40 _build/nrf52832_xxaa/nrf_drv_twi.c.o
 .text.nrf_drv_twi_init
                0x0000000000029bcc      0x104 _build/nrf52832_xxaa/nrf_drv_twi.c.o
                0x0000000000029bcc                nrf_drv_twi_init
 .text.nrfx_clock_init
                0x0000000000029cd0       0x18 _build/nrf52832_xxaa/nrfx_clock.c.o
                0x0000000000029cd0                nrfx_clock_init
 .text.nrfx_clock_enable
                0x0000000000029ce8       0x24 _build/nrf52832_xxaa/nrfx_clock.c.o
                0x0000000000029ce8                nrfx_clock_enable
 .text.nrfx_clock_lfclk_stop
                0x0000000000029d0c       0x38 _build/nrf52832_xxaa/nrfx_clock.c.o
                0x0000000000029d0c                nrfx_clock_lfclk_stop
 .text.POWER_CLOCK_IRQHandler
                0x0000000000029d44       0x6c _build/nrf52832_xxaa/nrfx_clock.c.o
                0x0000000000029d44                POWER_CLOCK_IRQHandler
 .text.nrfx_gpiote_init
                0x0000000000029db0       0xa0 _build/nrf52832_xxaa/nrfx_gpiote.c.o
                0x0000000000029db0                nrfx_gpiote_init
 .text.nrfx_gpiote_is_init
                0x0000000000029e50       0x14 _build/nrf52832_xxaa/nrfx_gpiote.c.o
                0x0000000000029e50                nrfx_gpiote_is_init
 .text.nrfx_gpiote_in_init
                0x0000000000029e64      0x1c8 _build/nrf52832_xxaa/nrfx_gpiote.c.o
                0x0000000000029e64                nrfx_gpiote_in_init
 .text.nrfx_gpiote_in_event_enable
                0x000000000002a02c       0xbc _build/nrf52832_xxaa/nrfx_gpiote.c.o
                0x000000000002a02c                nrfx_gpiote_in_event_enable
 .text.nrfx_gpiote_in_is_set
                0x000000000002a0e8       0x14 _build/nrf52832_xxaa/nrfx_gpiote.c.o
                0x000000000002a0e8                nrfx_gpiote_in_is_set
 .text.GPIOTE_IRQHandler
                0x000000000002a0fc      0x444 _build/nrf52832_xxaa/nrfx_gpiote.c.o
                0x000000000002a0fc                GPIOTE_IRQHandler
 .text.UARTE0_UART0_IRQHandler
                0x000000000002a540        0xc _build/nrf52832_xxaa/nrfx_prs.c.o
                0x000000000002a540                UARTE0_UART0_IRQHandler
 .text.nrfx_prs_acquire
                0x000000000002a54c       0x50 _build/nrf52832_xxaa/nrfx_prs.c.o
                0x000000000002a54c                nrfx_prs_acquire
 .text.xfer_completeness_check
                0x000000000002a59c       0x70 _build/nrf52832_xxaa/nrfx_twim.c.o
 .text.SPIM0_SPIS0_TWIM0_TWIS0_SPI0_TWI0_IRQHandler
                0x000000000002a60c      0x1cc _build/nrf52832_xxaa/nrfx_twim.c.o
                0x000000000002a60c                SPIM0_SPIS0_TWIM0_TWIS0_SPI0_TWI0_IRQHandler
 .text.nrfx_twim_init
                0x000000000002a7d8       0xfc _build/nrf52832_xxaa/nrfx_twim.c.o
                0x000000000002a7d8                nrfx_twim_init
 .text.nrfx_twim_enable
                0x000000000002a8d4       0x20 _build/nrf52832_xxaa/nrfx_twim.c.o
                0x000000000002a8d4                nrfx_twim_enable
 .text.nrfx_twim_tx
                0x000000000002a8f4      0x1f8 _build/nrf52832_xxaa/nrfx_twim.c.o
                0x000000000002a8f4                nrfx_twim_tx
 .text.nrfx_twim_rx
                0x000000000002aaec      0x1d4 _build/nrf52832_xxaa/nrfx_twim.c.o
                0x000000000002aaec                nrfx_twim_rx
 .text.alert_timer_handler
                0x000000000002acc0        0x8 _build/nrf52832_xxaa/bsp.c.o
 .text.bsp_button_event_handler
                0x000000000002acc8       0xa4 _build/nrf52832_xxaa/bsp.c.o
 .text.button_timer_handler
                0x000000000002ad6c       0x30 _build/nrf52832_xxaa/bsp.c.o
 .text.bsp_led_indication
                0x000000000002ad9c      0x318 _build/nrf52832_xxaa/bsp.c.o
 .text.leds_timer_handler
                0x000000000002b0b4       0x1c _build/nrf52832_xxaa/bsp.c.o
 .text.bsp_button_is_pressed
                0x000000000002b0d0        0xc _build/nrf52832_xxaa/bsp.c.o
                0x000000000002b0d0                bsp_button_is_pressed
 .text.bsp_indication_set
                0x000000000002b0dc       0x18 _build/nrf52832_xxaa/bsp.c.o
                0x000000000002b0dc                bsp_indication_set
 .text.bsp_init
                0x000000000002b0f4       0xbc _build/nrf52832_xxaa/bsp.c.o
                0x000000000002b0f4                bsp_init
 .text.bsp_event_to_button_action_assign
                0x000000000002b1b0       0x54 _build/nrf52832_xxaa/bsp.c.o
                0x000000000002b1b0                bsp_event_to_button_action_assign
 .text.ble_evt_handler
                0x000000000002b204       0xac _build/nrf52832_xxaa/bsp_btn_ble.c.o
 .text.bsp_btn_ble_init
                0x000000000002b2b0       0x6c _build/nrf52832_xxaa/bsp_btn_ble.c.o
                0x000000000002b2b0                bsp_btn_ble_init
 .text.sd_ble_gap_adv_stop
                0x000000000002b31c        0x4 _build/nrf52832_xxaa/main.c.o
 .text.sd_ble_gap_disconnect
                0x000000000002b320        0x4 _build/nrf52832_xxaa/main.c.o
 .text.sd_ble_gap_ppcp_set
                0x000000000002b324        0x4 _build/nrf52832_xxaa/main.c.o
 .text.sd_ble_gap_device_name_set
                0x000000000002b328        0x4 _build/nrf52832_xxaa/main.c.o
 .text.sd_ble_gap_sec_params_reply
                0x000000000002b32c        0x4 _build/nrf52832_xxaa/main.c.o
 .text.sd_ble_gap_phy_update
                0x000000000002b330        0x4 _build/nrf52832_xxaa/main.c.o
 .text.sd_ble_gatts_sys_attr_set
                0x000000000002b334        0x4 _build/nrf52832_xxaa/main.c.o
 .text.nrf_qwr_error_handler
                0x000000000002b338        0x4 _build/nrf52832_xxaa/main.c.o
 .text.on_brux_evt
                0x000000000002b33c       0xd4 _build/nrf52832_xxaa/main.c.o
 .text.ble_evt_handler
                0x000000000002b410      0x128 _build/nrf52832_xxaa/main.c.o
 .text.twi_handler
                0x000000000002b538       0x18 _build/nrf52832_xxaa/main.c.o
                0x000000000002b538                twi_handler
 .text.on_conn_params_evt
                0x000000000002b550       0x24 _build/nrf52832_xxaa/main.c.o
 .text.gatt_evt_handler
                0x000000000002b574       0x44 _build/nrf52832_xxaa/main.c.o
                0x000000000002b574                gatt_evt_handler
 .text.saadc_callback
                0x000000000002b5b8      0x1c0 _build/nrf52832_xxaa/main.c.o
                0x000000000002b5b8                saadc_callback
 .text.notification_gyro_timeout_handler
                0x000000000002b778       0x8c _build/nrf52832_xxaa/main.c.o
 .text.notification_accel_timeout_handler
                0x000000000002b804       0xcc _build/nrf52832_xxaa/main.c.o
 .text.bsp_event_handler
                0x000000000002b8d0       0x48 _build/nrf52832_xxaa/main.c.o
 .text.on_adv_evt
                0x000000000002b918       0x5c _build/nrf52832_xxaa/main.c.o
 .text.conn_params_error_handler
                0x000000000002b974        0x4 _build/nrf52832_xxaa/main.c.o
 .text.MPU6050_sleep_mode
                0x000000000002b978       0x38 _build/nrf52832_xxaa/main.c.o
                0x000000000002b978                MPU6050_sleep_mode
 .text.MPU6050_accelerometer
                0x000000000002b9b0       0xa8 _build/nrf52832_xxaa/main.c.o
                0x000000000002b9b0                MPU6050_accelerometer
 .text.MPU6050_gyroscope
                0x000000000002ba58       0xa8 _build/nrf52832_xxaa/main.c.o
                0x000000000002ba58                MPU6050_gyroscope
 .text.MPU6050_accel_and_gyro
                0x000000000002bb00       0xa4 _build/nrf52832_xxaa/main.c.o
                0x000000000002bb00                MPU6050_accel_and_gyro
 .text.twi_init
                0x000000000002bba4       0x54 _build/nrf52832_xxaa/main.c.o
                0x000000000002bba4                twi_init
 .text.saadc_init
                0x000000000002bbf8       0xac _build/nrf52832_xxaa/main.c.o
                0x000000000002bbf8                saadc_init
 .text.rtc_handler
                0x000000000002bca4       0x48 _build/nrf52832_xxaa/main.c.o
 .text.startup.main
                0x000000000002bcec      0x500 _build/nrf52832_xxaa/main.c.o
                0x000000000002bcec                main
 .text.sd_ble_gatts_service_add
                0x000000000002c1ec        0x4 _build/nrf52832_xxaa/ble_srv_brux.c.o
 .text.sd_ble_gatts_characteristic_add
                0x000000000002c1f0        0x4 _build/nrf52832_xxaa/ble_srv_brux.c.o
 .text.sd_ble_gatts_value_set
                0x000000000002c1f4        0x4 _build/nrf52832_xxaa/ble_srv_brux.c.o
 .text.sd_ble_gatts_hvx
                0x000000000002c1f8        0x4 _build/nrf52832_xxaa/ble_srv_brux.c.o
 .text.sd_ble_uuid_vs_add
                0x000000000002c1fc        0x4 _build/nrf52832_xxaa/ble_srv_brux.c.o
 .text.ble_brux_init
                0x000000000002c200      0x43c _build/nrf52832_xxaa/ble_srv_brux.c.o
                0x000000000002c200                ble_brux_init
 .text.ble_brux_on_ble_evt
                0x000000000002c63c       0xb0 _build/nrf52832_xxaa/ble_srv_brux.c.o
                0x000000000002c63c                ble_brux_on_ble_evt
 .text.ble_brux_force_update
                0x000000000002c6ec       0xb8 _build/nrf52832_xxaa/ble_srv_brux.c.o
                0x000000000002c6ec                ble_brux_force_update
 .text.ble_brux_accel_update
                0x000000000002c7a4       0xd8 _build/nrf52832_xxaa/ble_srv_brux.c.o
                0x000000000002c7a4                ble_brux_accel_update
 .text.ble_brux_gyro_update
                0x000000000002c87c       0xd8 _build/nrf52832_xxaa/ble_srv_brux.c.o
                0x000000000002c87c                ble_brux_gyro_update
 .text.SEGGER_RTT_WriteNoLock
                0x000000000002c954      0x1bc _build/nrf52832_xxaa/SEGGER_RTT.c.o
                0x000000000002c954                SEGGER_RTT_WriteNoLock
 .text.SEGGER_RTT_Init
                0x000000000002cb10       0x60 _build/nrf52832_xxaa/SEGGER_RTT.c.o
                0x000000000002cb10                SEGGER_RTT_Init
 .text.sd_ble_gap_addr_get
                0x000000000002cb70        0x4 _build/nrf52832_xxaa/ble_advdata.c.o
 .text.sd_ble_gap_appearance_get
                0x000000000002cb74        0x4 _build/nrf52832_xxaa/ble_advdata.c.o
 .text.sd_ble_gap_device_name_get
                0x000000000002cb78        0x4 _build/nrf52832_xxaa/ble_advdata.c.o
 .text.sd_ble_uuid_encode
                0x000000000002cb7c        0x4 _build/nrf52832_xxaa/ble_advdata.c.o
 .text.uuid_list_sized_encode.isra.0
                0x000000000002cb80       0xf0 _build/nrf52832_xxaa/ble_advdata.c.o
 .text.ble_advdata_encode
                0x000000000002cc70      0x40c _build/nrf52832_xxaa/ble_advdata.c.o
                0x000000000002cc70                ble_advdata_encode
 .text.ble_advdata_parse
                0x000000000002d07c       0x4c _build/nrf52832_xxaa/ble_advdata.c.o
                0x000000000002d07c                ble_advdata_parse
 .text.sd_ble_gap_adv_set_configure
                0x000000000002d0c8        0x4 _build/nrf52832_xxaa/ble_advertising.c.o
 .text.sd_ble_gap_adv_start
                0x000000000002d0cc        0x4 _build/nrf52832_xxaa/ble_advertising.c.o
 .text.sd_ble_gap_adv_stop
                0x000000000002d0d0        0x4 _build/nrf52832_xxaa/ble_advertising.c.o
 .text.ble_advertising_start.part.0
                0x000000000002d0d4      0x2e4 _build/nrf52832_xxaa/ble_advertising.c.o
 .text.ble_advertising_conn_cfg_tag_set
                0x000000000002d3b8        0x8 _build/nrf52832_xxaa/ble_advertising.c.o
                0x000000000002d3b8                ble_advertising_conn_cfg_tag_set
 .text.ble_advertising_init
                0x000000000002d3c0      0x10c _build/nrf52832_xxaa/ble_advertising.c.o
                0x000000000002d3c0                ble_advertising_init
 .text.ble_advertising_start
                0x000000000002d4cc        0xc _build/nrf52832_xxaa/ble_advertising.c.o
                0x000000000002d4cc                ble_advertising_start
 .text.ble_advertising_on_ble_evt
                0x000000000002d4d8       0x8c _build/nrf52832_xxaa/ble_advertising.c.o
                0x000000000002d4d8                ble_advertising_on_ble_evt
 .text.ble_advertising_restart_without_whitelist
                0x000000000002d564       0x60 _build/nrf52832_xxaa/ble_advertising.c.o
                0x000000000002d564                ble_advertising_restart_without_whitelist
 .text.sd_ble_gap_conn_param_update
                0x000000000002d5c4        0x4 _build/nrf52832_xxaa/ble_conn_params.c.o
 .text.sd_ble_gap_disconnect
                0x000000000002d5c8        0x4 _build/nrf52832_xxaa/ble_conn_params.c.o
 .text.sd_ble_gap_ppcp_set
                0x000000000002d5cc        0x4 _build/nrf52832_xxaa/ble_conn_params.c.o
 .text.sd_ble_gap_ppcp_get
                0x000000000002d5d0        0x4 _build/nrf52832_xxaa/ble_conn_params.c.o
 .text.update_timeout_handler
                0x000000000002d5d4       0x78 _build/nrf52832_xxaa/ble_conn_params.c.o
 .text.ble_evt_handler
                0x000000000002d64c      0x1d4 _build/nrf52832_xxaa/ble_conn_params.c.o
 .text.ble_conn_params_init
                0x000000000002d820       0x78 _build/nrf52832_xxaa/ble_conn_params.c.o
                0x000000000002d820                ble_conn_params_init
 .text.ble_evt_handler
                0x000000000002d898      0x160 _build/nrf52832_xxaa/ble_conn_state.c.o
 .text.ble_srv_is_notification_enabled
                0x000000000002d9f8        0x8 _build/nrf52832_xxaa/ble_srv_common.c.o
                0x000000000002d9f8                ble_srv_is_notification_enabled
 .text.sd_ble_gap_data_length_update
                0x000000000002da00        0x4 _build/nrf52832_xxaa/nrf_ble_gatt.c.o
 .text.sd_ble_gattc_exchange_mtu_request
                0x000000000002da04        0x4 _build/nrf52832_xxaa/nrf_ble_gatt.c.o
 .text.sd_ble_gatts_exchange_mtu_reply
                0x000000000002da08        0x4 _build/nrf52832_xxaa/nrf_ble_gatt.c.o
 .text.data_length_update.constprop.0
                0x000000000002da0c       0x8c _build/nrf52832_xxaa/nrf_ble_gatt.c.o
 .text.nrf_ble_gatt_init
                0x000000000002da98       0x30 _build/nrf52832_xxaa/nrf_ble_gatt.c.o
                0x000000000002da98                nrf_ble_gatt_init
 .text.nrf_ble_gatt_att_mtu_periph_set
                0x000000000002dac8       0x18 _build/nrf52832_xxaa/nrf_ble_gatt.c.o
                0x000000000002dac8                nrf_ble_gatt_att_mtu_periph_set
 .text.nrf_ble_gatt_on_ble_evt
                0x000000000002dae0      0x1c8 _build/nrf52832_xxaa/nrf_ble_gatt.c.o
                0x000000000002dae0                nrf_ble_gatt_on_ble_evt
 .text.sd_ble_gatts_rw_authorize_reply
                0x000000000002dca8        0x4 _build/nrf52832_xxaa/nrf_ble_qwr.c.o
 .text.sd_ble_user_mem_reply
                0x000000000002dcac        0x4 _build/nrf52832_xxaa/nrf_ble_qwr.c.o
 .text.nrf_ble_qwr_init
                0x000000000002dcb0       0x24 _build/nrf52832_xxaa/nrf_ble_qwr.c.o
                0x000000000002dcb0                nrf_ble_qwr_init
 .text.nrf_ble_qwr_conn_handle_assign
                0x000000000002dcd4       0x18 _build/nrf52832_xxaa/nrf_ble_qwr.c.o
                0x000000000002dcd4                nrf_ble_qwr_conn_handle_assign
 .text.nrf_ble_qwr_on_ble_evt
                0x000000000002dcec       0xf4 _build/nrf52832_xxaa/nrf_ble_qwr.c.o
                0x000000000002dcec                nrf_ble_qwr_on_ble_evt
 .text.sd_softdevice_enable
                0x000000000002dde0        0x4 _build/nrf52832_xxaa/nrf_sdh.c.o
 .text.nrf_sdh_enable_request
                0x000000000002dde4      0x118 _build/nrf52832_xxaa/nrf_sdh.c.o
                0x000000000002dde4                nrf_sdh_enable_request
 .text.nrf_sdh_is_enabled
                0x000000000002defc        0xc _build/nrf52832_xxaa/nrf_sdh.c.o
                0x000000000002defc                nrf_sdh_is_enabled
 .text.SWI2_EGU2_IRQHandler
                0x000000000002df08       0x2c _build/nrf52832_xxaa/nrf_sdh.c.o
                0x000000000002df08                SWI2_EGU2_IRQHandler
 .text.sd_ble_enable
                0x000000000002df34        0x4 _build/nrf52832_xxaa/nrf_sdh_ble.c.o
 .text.sd_ble_cfg_set
                0x000000000002df38        0x4 _build/nrf52832_xxaa/nrf_sdh_ble.c.o
 .text.sd_ble_evt_get
                0x000000000002df3c        0x4 _build/nrf52832_xxaa/nrf_sdh_ble.c.o
 .text.nrf_sdh_ble_evts_poll.part.0
                0x000000000002df40       0x54 _build/nrf52832_xxaa/nrf_sdh_ble.c.o
 .text.nrf_sdh_ble_evts_poll
                0x000000000002df94       0x10 _build/nrf52832_xxaa/nrf_sdh_ble.c.o
 .text.nrf_sdh_ble_default_cfg_set
                0x000000000002dfa4      0x1bc _build/nrf52832_xxaa/nrf_sdh_ble.c.o
                0x000000000002dfa4                nrf_sdh_ble_default_cfg_set
 .text.nrf_sdh_ble_enable
                0x000000000002e160       0xa0 _build/nrf52832_xxaa/nrf_sdh_ble.c.o
                0x000000000002e160                nrf_sdh_ble_enable
 .text.sd_evt_get
                0x000000000002e200        0x4 _build/nrf52832_xxaa/nrf_sdh_soc.c.o
 .text.nrf_sdh_soc_evts_poll
                0x000000000002e204       0x4c _build/nrf52832_xxaa/nrf_sdh_soc.c.o
 .text          0x000000000002e250        0xc /usr/lib/gcc/arm-none-eabi/9.2.1/../../../arm-none-eabi/lib/thumb/v7e-m+fp/hard/libc_nano.a(lib_a-atexit.o)
                0x000000000002e250                atexit
 .text          0x000000000002e25c       0x28 /usr/lib/gcc/arm-none-eabi/9.2.1/../../../arm-none-eabi/lib/thumb/v7e-m+fp/hard/libc_nano.a(lib_a-exit.o)
                0x000000000002e25c                exit
 .text          0x000000000002e284       0x34 /usr/lib/gcc/arm-none-eabi/9.2.1/../../../arm-none-eabi/lib/thumb/v7e-m+fp/hard/libc_nano.a(lib_a-fini.o)
                0x000000000002e284                __libc_fini_array
 .text          0x000000000002e2b8       0x48 /usr/lib/gcc/arm-none-eabi/9.2.1/../../../arm-none-eabi/lib/thumb/v7e-m+fp/hard/libc_nano.a(lib_a-init.o)
                0x000000000002e2b8                __libc_init_array
 .text          0x000000000002e300      0x134 /usr/lib/gcc/arm-none-eabi/9.2.1/../../../arm-none-eabi/lib/thumb/v7e-m+fp/hard/libc_nano.a(lib_a-memcpy.o)
                0x000000000002e300                memcpy
 .text          0x000000000002e434       0xa0 /usr/lib/gcc/arm-none-eabi/9.2.1/../../../arm-none-eabi/lib/thumb/v7e-m+fp/hard/libc_nano.a(lib_a-memset.o)
                0x000000000002e434                memset
 .text          0x000000000002e4d4       0xbc /usr/lib/gcc/arm-none-eabi/9.2.1/../../../arm-none-eabi/lib/thumb/v7e-m+fp/hard/libc_nano.a(lib_a-strcpy.o)
                0x000000000002e4d4                strcpy
 *fill*         0x000000000002e590       0x30 
 .text          0x000000000002e5c0       0xdc /usr/lib/gcc/arm-none-eabi/9.2.1/../../../arm-none-eabi/lib/thumb/v7e-m+fp/hard/libc_nano.a(lib_a-strlen.o)
                0x000000000002e5c0                strlen
 .text          0x000000000002e69c       0xa0 /usr/lib/gcc/arm-none-eabi/9.2.1/../../../arm-none-eabi/lib/thumb/v7e-m+fp/hard/libc_nano.a(lib_a-__atexit.o)
                0x000000000002e69c                __register_exitproc
 .text          0x000000000002e73c       0x9c /usr/lib/gcc/arm-none-eabi/9.2.1/../../../arm-none-eabi/lib/thumb/v7e-m+fp/hard/libc_nano.a(lib_a-__call_atexit.o)
                0x000000000002e73c                __call_exitprocs
 .text          0x000000000002e7d8        0x4 /usr/lib/gcc/arm-none-eabi/9.2.1/../../../arm-none-eabi/lib/thumb/v7e-m+fp/hard/libnosys.a(_exit.o)
                0x000000000002e7d8                _exit
 .text          0x000000000002e7dc       0x30 /usr/lib/gcc/arm-none-eabi/9.2.1/thumb/v7e-m+fp/hard/libgcc.a(_aeabi_uldivmod.o)
                0x000000000002e7dc                __aeabi_uldivmod
 .text          0x000000000002e80c      0x2c4 /usr/lib/gcc/arm-none-eabi/9.2.1/thumb/v7e-m+fp/hard/libgcc.a(_udivmoddi4.o)
                0x000000000002e80c                __udivmoddi4
 .text          0x000000000002ead0        0x4 /usr/lib/gcc/arm-none-eabi/9.2.1/thumb/v7e-m+fp/hard/libgcc.a(_dvmd_tls.o)
                0x000000000002ead0                __aeabi_ldiv0
                0x000000000002ead0                __aeabi_idiv0
 *(.init)
 .init          0x000000000002ead4        0x4 /usr/lib/gcc/arm-none-eabi/9.2.1/thumb/v7e-m+fp/hard/crti.o
                0x000000000002ead4                _init
 .init          0x000000000002ead8        0x8 /usr/lib/gcc/arm-none-eabi/9.2.1/thumb/v7e-m+fp/hard/crtn.o
 *(.fini)
 .fini          0x000000000002eae0        0x4 /usr/lib/gcc/arm-none-eabi/9.2.1/thumb/v7e-m+fp/hard/crti.o
                0x000000000002eae0                _fini
 .fini          0x000000000002eae4        0x8 /usr/lib/gcc/arm-none-eabi/9.2.1/thumb/v7e-m+fp/hard/crtn.o
 *crtbegin.o(.ctors)
 *crtbegin?.o(.ctors)
 *(EXCLUDE_FILE(*crtend.o *crtend?.o) .ctors)
 *(SORT_BY_NAME(.ctors.*))
 *(.ctors)
 *crtbegin.o(.dtors)
 *crtbegin?.o(.dtors)
 *(EXCLUDE_FILE(*crtend.o *crtend?.o) .dtors)
 *(SORT_BY_NAME(.dtors.*))
 *(.dtors)
 *(.rodata*)
 *fill*         0x000000000002eaec        0x4 
 .rodata.delay_machine_code.9218
                0x000000000002eaf0        0x6 _build/nrf52832_xxaa/nrf_log_backend_rtt.c.o
 *fill*         0x000000000002eaf6        0x2 
 .rodata.nrf_log_backend_rtt_api
                0x000000000002eaf8        0xc _build/nrf52832_xxaa/nrf_log_backend_rtt.c.o
                0x000000000002eaf8                nrf_log_backend_rtt_api
 .rodata.str1.4
                0x000000000002eb04       0x10 _build/nrf52832_xxaa/nrf_log_default_backends.c.o
 .rodata.nrf_log_frontend_dequeue.str1.4
                0x000000000002eb14       0x11 _build/nrf52832_xxaa/nrf_log_frontend.c.o
 *fill*         0x000000000002eb25        0x3 
 .rodata.str1.4
                0x000000000002eb28        0x4 _build/nrf52832_xxaa/nrf_log_frontend.c.o
 .rodata.m_log_push_ringbuf
                0x000000000002eb2c        0xc _build/nrf52832_xxaa/nrf_log_frontend.c.o
 .rodata.prefix_process.str1.4
                0x000000000002eb38       0x36 _build/nrf52832_xxaa/nrf_log_str_formatter.c.o
 .rodata.nrf_log_std_entry_process.str1.4
                0x000000000002eb6e       0x36 _build/nrf52832_xxaa/nrf_log_str_formatter.c.o
                                          0x3 (size before relaxing)
 *fill*         0x000000000002eb6e        0x2 
 .rodata.nrf_log_hexdump_entry_process.str1.4
                0x000000000002eb70       0x13 _build/nrf52832_xxaa/nrf_log_str_formatter.c.o
                                         0x16 (size before relaxing)
 *fill*         0x000000000002eb83        0x1 
 .rodata.str1.4
                0x000000000002eb84       0x56 _build/nrf52832_xxaa/nrf_log_str_formatter.c.o
 *fill*         0x000000000002ebda        0x2 
 .rodata.m_colors
                0x000000000002ebdc       0x24 _build/nrf52832_xxaa/nrf_log_str_formatter.c.o
 .rodata.severity_names
                0x000000000002ec00       0x14 _build/nrf52832_xxaa/nrf_log_str_formatter.c.o
 .rodata.str1.4
                0x000000000002ec14        0xb _build/nrf52832_xxaa/app_button.c.o
 *fill*         0x000000000002ec1f        0x1 
 .rodata.m_detection_delay_timer_id
                0x000000000002ec20        0x4 _build/nrf52832_xxaa/app_button.c.o
 .rodata.app_error_fault_handler.str1.4
                0x000000000002ec24       0x19 _build/nrf52832_xxaa/app_error_weak.c.o
 *fill*         0x000000000002ec3d        0x3 
 .rodata.str1.4
                0x000000000002ec40        0xa _build/nrf52832_xxaa/app_timer2.c.o
 *fill*         0x000000000002ec4a        0x2 
 .rodata        0x000000000002ec4c        0x4 _build/nrf52832_xxaa/app_timer2.c.o
 .rodata.m_app_timer_sortlist
                0x000000000002ec50        0xc _build/nrf52832_xxaa/app_timer2.c.o
 .rodata.str1.4
                0x000000000002ec5c        0x6 _build/nrf52832_xxaa/nrfx_saadc.c.o
 *fill*         0x000000000002ec62        0x2 
 .rodata.str1.4
                0x000000000002ec64        0x6 _build/nrf52832_xxaa/nrfx_timer.c.o
 *fill*         0x000000000002ec6a        0x2 
 .rodata.str1.4
                0x000000000002ec6c        0x4 _build/nrf52832_xxaa/nrfx_rtc.c.o
 .rodata.drv_rtc_init.str1.4
                0x000000000002ec70       0x36 _build/nrf52832_xxaa/drv_rtc.c.o
 *fill*         0x000000000002eca6        0xa 
 .rodata.delay_machine_code.8542
                0x000000000002ecb0        0x6 _build/nrf52832_xxaa/drv_rtc.c.o
 *fill*         0x000000000002ecb6        0x2 
 .rodata._aV2C.7627
                0x000000000002ecb8       0x10 _build/nrf52832_xxaa/nrf_fprintf_format.c.o
 .rodata.str1.4
                0x000000000002ecc8        0x9 _build/nrf52832_xxaa/nrf_pwr_mgmt.c.o
 *fill*         0x000000000002ecd1        0x3 
 .rodata.pwr_mgmt_data
                0x000000000002ecd4        0xc _build/nrf52832_xxaa/nrf_pwr_mgmt.c.o
 .rodata.str1.4
                0x000000000002ece0        0x9 _build/nrf52832_xxaa/nrf_sortlist.c.o
 *fill*         0x000000000002ece9        0x3 
 .rodata.str1.4
                0x000000000002ecec      0x3e9 _build/nrf52832_xxaa/nrf_strerror.c.o
 *fill*         0x000000000002f0d5        0x3 
 .rodata.m_unknown_str
                0x000000000002f0d8       0x13 _build/nrf52832_xxaa/nrf_strerror.c.o
 *fill*         0x000000000002f0eb        0x1 
 .rodata.nrf_strerror_array
                0x000000000002f0ec      0x128 _build/nrf52832_xxaa/nrf_strerror.c.o
 .rodata.CSWTCH.15
                0x000000000002f214        0x4 _build/nrf52832_xxaa/system_nrf52.c.o
 .rodata.CSWTCH.19
                0x000000000002f218        0x4 _build/nrf52832_xxaa/system_nrf52.c.o
 .rodata.CSWTCH.5
                0x000000000002f21c        0x4 _build/nrf52832_xxaa/system_nrf52.c.o
 .rodata.m_board_btn_list
                0x000000000002f220        0x4 _build/nrf52832_xxaa/boards.c.o
 .rodata.m_board_led_list
                0x000000000002f224        0x4 _build/nrf52832_xxaa/boards.c.o
 .rodata.str1.4
                0x000000000002f228        0x6 _build/nrf52832_xxaa/nrf_drv_clock.c.o
 *fill*         0x000000000002f22e        0x2 
 .rodata.delay_machine_code.8542
                0x000000000002f230        0x6 _build/nrf52832_xxaa/nrf_drv_twi.c.o
 *fill*         0x000000000002f236        0x2 
 .rodata.str1.4
                0x000000000002f238        0x6 _build/nrf52832_xxaa/nrfx_clock.c.o
 *fill*         0x000000000002f23e        0x2 
 .rodata.str1.4
                0x000000000002f240        0x7 _build/nrf52832_xxaa/nrfx_gpiote.c.o
 *fill*         0x000000000002f247        0x1 
 .rodata.str1.4
                0x000000000002f248        0x4 _build/nrf52832_xxaa/nrfx_prs.c.o
 .rodata.str1.4
                0x000000000002f24c        0x5 _build/nrf52832_xxaa/nrfx_twim.c.o
 *fill*         0x000000000002f251        0x3 
 .rodata.str1.4
                0x000000000002f254        0x5 _build/nrf52832_xxaa/nrfx_uart.c.o
 *fill*         0x000000000002f259        0x3 
 .rodata.str1.4
                0x000000000002f25c        0x6 _build/nrf52832_xxaa/nrfx_uarte.c.o
 *fill*         0x000000000002f262        0x2 
 .rodata.app_buttons
                0x000000000002f264       0x20 _build/nrf52832_xxaa/bsp.c.o
 .rodata.m_bsp_alert_tmr
                0x000000000002f284        0x4 _build/nrf52832_xxaa/bsp.c.o
 .rodata.m_bsp_button_tmr
                0x000000000002f288        0x4 _build/nrf52832_xxaa/bsp.c.o
 .rodata.m_bsp_leds_tmr
                0x000000000002f28c        0x4 _build/nrf52832_xxaa/bsp.c.o
 .rodata.ble_evt_handler.str1.4
                0x000000000002f290       0x1b _build/nrf52832_xxaa/main.c.o
 *fill*         0x000000000002f2ab        0x1 
 .rodata.gatt_evt_handler.str1.4
                0x000000000002f2ac       0x1c _build/nrf52832_xxaa/main.c.o
 .rodata.saadc_callback.str1.4
                0x000000000002f2c8       0x2d _build/nrf52832_xxaa/main.c.o
 *fill*         0x000000000002f2f5        0x3 
 .rodata.notification_accel_timeout_handler.str1.4
                0x000000000002f2f8       0x21 _build/nrf52832_xxaa/main.c.o
 *fill*         0x000000000002f319        0x3 
 .rodata.on_adv_evt.str1.4
                0x000000000002f31c       0x12 _build/nrf52832_xxaa/main.c.o
 *fill*         0x000000000002f32e        0x2 
 .rodata.MPU6050_accelerometer.str1.4
                0x000000000002f330       0x28 _build/nrf52832_xxaa/main.c.o
 .rodata.MPU6050_gyroscope.str1.4
                0x000000000002f358       0x18 _build/nrf52832_xxaa/main.c.o
 .rodata.main.str1.4
                0x000000000002f370       0x92 _build/nrf52832_xxaa/main.c.o
 *fill*         0x000000000002f402        0x2 
 .rodata.m_accel_notification
                0x000000000002f404        0x4 _build/nrf52832_xxaa/main.c.o
 .rodata.m_gyro_notification
                0x000000000002f408        0x4 _build/nrf52832_xxaa/main.c.o
 .rodata.m_twi  0x000000000002f40c       0x10 _build/nrf52832_xxaa/main.c.o
                0x000000000002f40c                m_twi
 .rodata.rtc    0x000000000002f41c        0x8 _build/nrf52832_xxaa/main.c.o
                0x000000000002f41c                rtc
 .rodata.ble_brux_init.str1.4
                0x000000000002f424       0x2d _build/nrf52832_xxaa/ble_srv_brux.c.o
 *fill*         0x000000000002f451        0x3 
 .rodata.ble_brux_force_update.str1.4
                0x000000000002f454       0x75 _build/nrf52832_xxaa/ble_srv_brux.c.o
 *fill*         0x000000000002f4c9        0x3 
 .rodata.ble_brux_accel_update.str1.4
                0x000000000002f4cc       0x56 _build/nrf52832_xxaa/ble_srv_brux.c.o
 *fill*         0x000000000002f522        0x2 
 .rodata.ble_brux_gyro_update.str1.4
                0x000000000002f524       0x1c _build/nrf52832_xxaa/ble_srv_brux.c.o
 .rodata        0x000000000002f540       0x1a _build/nrf52832_xxaa/ble_srv_brux.c.o
 *fill*         0x000000000002f55a        0x2 
 .rodata.SEGGER_RTT_ReadNoLock.str1.4
                0x000000000002f55c       0x17 _build/nrf52832_xxaa/SEGGER_RTT.c.o
 *fill*         0x000000000002f573        0x1 
 .rodata.data_length_update.constprop.0.str1.4
                0x000000000002f574       0xe2 _build/nrf52832_xxaa/nrf_ble_gatt.c.o
 *fill*         0x000000000002f656        0x2 
 .rodata.nrf_ble_gatt_on_ble_evt.str1.4
                0x000000000002f658       0x63 _build/nrf52832_xxaa/nrf_ble_gatt.c.o
 *fill*         0x000000000002f6bb        0x1 
 .rodata.str1.4
                0x000000000002f6bc        0xd _build/nrf52832_xxaa/nrf_ble_gatt.c.o
 *fill*         0x000000000002f6c9        0x3 
 .rodata.str1.4
                0x000000000002f6cc        0x8 _build/nrf52832_xxaa/ble_nus.c.o
 .rodata.str1.4
                0x000000000002f6d4        0x8 _build/nrf52832_xxaa/nrf_sdh.c.o
 .rodata        0x000000000002f6dc        0x4 _build/nrf52832_xxaa/nrf_sdh.c.o
 .rodata.sdh_req_observers
                0x000000000002f6e0        0xc _build/nrf52832_xxaa/nrf_sdh.c.o
 .rodata.sdh_stack_observers
                0x000000000002f6ec        0xc _build/nrf52832_xxaa/nrf_sdh.c.o
 .rodata.sdh_state_observers
                0x000000000002f6f8        0xc _build/nrf52832_xxaa/nrf_sdh.c.o
 .rodata.nrf_sdh_ble_default_cfg_set.str1.4
                0x000000000002f704      0x1cf _build/nrf52832_xxaa/nrf_sdh_ble.c.o
 *fill*         0x000000000002f8d3        0x1 
 .rodata.nrf_sdh_ble_enable.str1.4
                0x000000000002f8d4       0xad _build/nrf52832_xxaa/nrf_sdh_ble.c.o
 *fill*         0x000000000002f981        0x3 
 .rodata.str1.4
                0x000000000002f984        0xc _build/nrf52832_xxaa/nrf_sdh_ble.c.o
 .rodata.sdh_ble_observers
                0x000000000002f990        0xc _build/nrf52832_xxaa/nrf_sdh_ble.c.o
 .rodata.str1.4
                0x000000000002f99c        0xc _build/nrf52832_xxaa/nrf_sdh_soc.c.o
 .rodata.sdh_soc_observers
                0x000000000002f9a8        0xc _build/nrf52832_xxaa/nrf_sdh_soc.c.o
 .rodata        0x000000000002f9b4      0x101 /usr/lib/gcc/arm-none-eabi/9.2.1/../../../arm-none-eabi/lib/thumb/v7e-m+fp/hard/libc_nano.a(lib_a-ctype_.o)
                0x000000000002f9b4                _ctype_
 *fill*         0x000000000002fab5        0x3 
 .rodata        0x000000000002fab8        0x4 /usr/lib/gcc/arm-none-eabi/9.2.1/../../../arm-none-eabi/lib/thumb/v7e-m+fp/hard/libc_nano.a(lib_a-impure.o)
                0x000000000002fab8                _global_impure_ptr
 *(.eh_frame*)
 .eh_frame      0x000000000002fabc        0x0 /usr/lib/gcc/arm-none-eabi/9.2.1/thumb/v7e-m+fp/hard/crtbegin.o
 .eh_frame      0x000000000002fabc        0x4 /usr/lib/gcc/arm-none-eabi/9.2.1/thumb/v7e-m+fp/hard/crtend.o

.glue_7         0x000000000002fac0        0x0
 .glue_7        0x000000000002fac0        0x0 linker stubs

.glue_7t        0x000000000002fac0        0x0
 .glue_7t       0x000000000002fac0        0x0 linker stubs

.vfp11_veneer   0x000000000002fac0        0x0
 .vfp11_veneer  0x000000000002fac0        0x0 linker stubs

.v4_bx          0x000000000002fac0        0x0
 .v4_bx         0x000000000002fac0        0x0 linker stubs

.iplt           0x000000000002fac0        0x0
 .iplt          0x000000000002fac0        0x0 /usr/lib/gcc/arm-none-eabi/9.2.1/thumb/v7e-m+fp/hard/crtbegin.o

.mem_section_dummy_rom

.sdh_soc_observers
                0x000000000002fac0        0x8
                0x000000000002fac0                PROVIDE (__start_sdh_soc_observers = .)
 *(SORT_BY_NAME(.sdh_soc_observers*))
 .sdh_soc_observers0
                0x000000000002fac0        0x8 _build/nrf52832_xxaa/nrf_drv_clock.c.o
                0x000000000002fac8                PROVIDE (__stop_sdh_soc_observers = .)

.sdh_ble_observers
                0x000000000002fac8       0x40
                0x000000000002fac8                PROVIDE (__start_sdh_ble_observers = .)
 *(SORT_BY_NAME(.sdh_ble_observers*))
 .sdh_ble_observers0
                0x000000000002fac8        0x8 _build/nrf52832_xxaa/ble_conn_state.c.o
 .sdh_ble_observers1
                0x000000000002fad0        0x8 _build/nrf52832_xxaa/bsp_btn_ble.c.o
 .sdh_ble_observers1
                0x000000000002fad8       0x10 _build/nrf52832_xxaa/main.c.o
 .sdh_ble_observers1
                0x000000000002fae8        0x8 _build/nrf52832_xxaa/ble_conn_params.c.o
 .sdh_ble_observers2
                0x000000000002faf0       0x10 _build/nrf52832_xxaa/main.c.o
 .sdh_ble_observers3
                0x000000000002fb00        0x8 _build/nrf52832_xxaa/main.c.o
                0x000000000002fb08                PROVIDE (__stop_sdh_ble_observers = .)

.pwr_mgmt_data  0x000000000002fb08        0x0
                0x000000000002fb08                PROVIDE (__start_pwr_mgmt_data = .)
 *(SORT_BY_NAME(.pwr_mgmt_data*))
                0x000000000002fb08                PROVIDE (__stop_pwr_mgmt_data = .)

.sdh_req_observers
                0x000000000002fb08        0x0
                0x000000000002fb08                PROVIDE (__start_sdh_req_observers = .)
 *(SORT_BY_NAME(.sdh_req_observers*))
                0x000000000002fb08                PROVIDE (__stop_sdh_req_observers = .)

.sdh_state_observers
                0x000000000002fb08        0x8
                0x000000000002fb08                PROVIDE (__start_sdh_state_observers = .)
 *(SORT_BY_NAME(.sdh_state_observers*))
 .sdh_state_observers0
                0x000000000002fb08        0x8 _build/nrf52832_xxaa/nrf_drv_clock.c.o
                0x000000000002fb10                PROVIDE (__stop_sdh_state_observers = .)

.sdh_stack_observers
                0x000000000002fb10       0x10
                0x000000000002fb10                PROVIDE (__start_sdh_stack_observers = .)
 *(SORT_BY_NAME(.sdh_stack_observers*))
 .sdh_stack_observers0
                0x000000000002fb10        0x8 _build/nrf52832_xxaa/nrf_sdh_ble.c.o
 .sdh_stack_observers0
                0x000000000002fb18        0x8 _build/nrf52832_xxaa/nrf_sdh_soc.c.o
                0x000000000002fb20                PROVIDE (__stop_sdh_stack_observers = .)

.nrf_queue      0x000000000002fb20        0x0
                [!provide]                        PROVIDE (__start_nrf_queue = .)
 *(.nrf_queue)
                [!provide]                        PROVIDE (__stop_nrf_queue = .)

.nrf_balloc     0x000000000002fb20       0x14
                [!provide]                        PROVIDE (__start_nrf_balloc = .)
 *(.nrf_balloc)
 .nrf_balloc    0x000000000002fb20       0x14 _build/nrf52832_xxaa/nrf_log_frontend.c.o
                0x000000000002fb20                log_mempool
                [!provide]                        PROVIDE (__stop_nrf_balloc = .)

.cli_command    0x000000000002fb34        0x0
                [!provide]                        PROVIDE (__start_cli_command = .)
 *(.cli_command)
                [!provide]                        PROVIDE (__stop_cli_command = .)

.crypto_data    0x000000000002fb34        0x0
                [!provide]                        PROVIDE (__start_crypto_data = .)
 *(SORT_BY_NAME(.crypto_data*))
                [!provide]                        PROVIDE (__stop_crypto_data = .)

.log_const_data
                0x000000000002fb34       0xa0
                0x000000000002fb34                PROVIDE (__start_log_const_data = .)
 *(SORT_BY_NAME(.log_const_data*))
 .log_const_data_CLOCK
                0x000000000002fb34        0x8 _build/nrf52832_xxaa/nrfx_clock.c.o
                0x000000000002fb34                m_nrf_log_CLOCK_logs_data_const
 .log_const_data_GPIOTE
                0x000000000002fb3c        0x8 _build/nrf52832_xxaa/nrfx_gpiote.c.o
                0x000000000002fb3c                m_nrf_log_GPIOTE_logs_data_const
 .log_const_data_PRS
                0x000000000002fb44        0x8 _build/nrf52832_xxaa/nrfx_prs.c.o
                0x000000000002fb44                m_nrf_log_PRS_logs_data_const
 .log_const_data_RTC
                0x000000000002fb4c        0x8 _build/nrf52832_xxaa/nrfx_rtc.c.o
                0x000000000002fb4c                m_nrf_log_RTC_logs_data_const
 .log_const_data_SAADC
                0x000000000002fb54        0x8 _build/nrf52832_xxaa/nrfx_saadc.c.o
                0x000000000002fb54                m_nrf_log_SAADC_logs_data_const
 .log_const_data_TIMER
                0x000000000002fb5c        0x8 _build/nrf52832_xxaa/nrfx_timer.c.o
                0x000000000002fb5c                m_nrf_log_TIMER_logs_data_const
 .log_const_data_TWIM
                0x000000000002fb64        0x8 _build/nrf52832_xxaa/nrfx_twim.c.o
                0x000000000002fb64                m_nrf_log_TWIM_logs_data_const
 .log_const_data_UART
                0x000000000002fb6c        0x8 _build/nrf52832_xxaa/nrfx_uart.c.o
                0x000000000002fb6c                m_nrf_log_UART_logs_data_const
 .log_const_data_UARTE
                0x000000000002fb74        0x8 _build/nrf52832_xxaa/nrfx_uarte.c.o
                0x000000000002fb74                m_nrf_log_UARTE_logs_data_const
 .log_const_data_app
                0x000000000002fb7c        0x8 _build/nrf52832_xxaa/nrf_log_frontend.c.o
                0x000000000002fb7c                m_nrf_log_app_logs_data_const
 .log_const_data_app_button
                0x000000000002fb84        0x8 _build/nrf52832_xxaa/app_button.c.o
                0x000000000002fb84                m_nrf_log_app_button_logs_data_const
 .log_const_data_app_timer
                0x000000000002fb8c        0x8 _build/nrf52832_xxaa/app_timer2.c.o
                0x000000000002fb8c                m_nrf_log_app_timer_logs_data_const
 .log_const_data_ble_nus
                0x000000000002fb94        0x8 _build/nrf52832_xxaa/ble_nus.c.o
                0x000000000002fb94                m_nrf_log_ble_nus_logs_data_const
 .log_const_data_clock
                0x000000000002fb9c        0x8 _build/nrf52832_xxaa/nrf_drv_clock.c.o
                0x000000000002fb9c                m_nrf_log_clock_logs_data_const
 .log_const_data_nrf_ble_gatt
                0x000000000002fba4        0x8 _build/nrf52832_xxaa/nrf_ble_gatt.c.o
                0x000000000002fba4                m_nrf_log_nrf_ble_gatt_logs_data_const
 .log_const_data_nrf_sdh
                0x000000000002fbac        0x8 _build/nrf52832_xxaa/nrf_sdh.c.o
                0x000000000002fbac                m_nrf_log_nrf_sdh_logs_data_const
 .log_const_data_nrf_sdh_ble
                0x000000000002fbb4        0x8 _build/nrf52832_xxaa/nrf_sdh_ble.c.o
                0x000000000002fbb4                m_nrf_log_nrf_sdh_ble_logs_data_const
 .log_const_data_nrf_sdh_soc
                0x000000000002fbbc        0x8 _build/nrf52832_xxaa/nrf_sdh_soc.c.o
                0x000000000002fbbc                m_nrf_log_nrf_sdh_soc_logs_data_const
 .log_const_data_pwr_mgmt
                0x000000000002fbc4        0x8 _build/nrf52832_xxaa/nrf_pwr_mgmt.c.o
                0x000000000002fbc4                m_nrf_log_pwr_mgmt_logs_data_const
 .log_const_data_sortlist
                0x000000000002fbcc        0x8 _build/nrf52832_xxaa/nrf_sortlist.c.o
                0x000000000002fbcc                m_nrf_log_sortlist_logs_data_const
                0x000000000002fbd4                PROVIDE (__stop_log_const_data = .)

.log_backends   0x000000000002fbd4       0x10
                [!provide]                        PROVIDE (__start_log_backends = .)
 *(SORT_BY_NAME(.log_backends*))
 .log_backends  0x000000000002fbd4       0x10 _build/nrf52832_xxaa/nrf_log_default_backends.c.o
                [!provide]                        PROVIDE (__stop_log_backends = .)

.ARM.extab
 *(.ARM.extab* .gnu.linkonce.armextab.*)
                0x000000000002fbe4                __exidx_start = .

.ARM.exidx      0x000000000002fbe4        0x8
 *(.ARM.exidx* .gnu.linkonce.armexidx.*)
 .ARM.exidx     0x000000000002fbe4        0x8 /usr/lib/gcc/arm-none-eabi/9.2.1/../../../arm-none-eabi/lib/thumb/v7e-m+fp/hard/crt0.o
                                         0x10 (size before relaxing)
 .ARM.exidx     0x000000000002fbec        0x0 /usr/lib/gcc/arm-none-eabi/9.2.1/thumb/v7e-m+fp/hard/libgcc.a(_udivmoddi4.o)
                                          0x8 (size before relaxing)
                0x000000000002fbec                __exidx_end = .
                0x000000000002fbec                __etext = .

.rel.dyn        0x000000000002fbec        0x0
 .rel.iplt      0x000000000002fbec        0x0 /usr/lib/gcc/arm-none-eabi/9.2.1/thumb/v7e-m+fp/hard/crtbegin.o

.data           0x0000000020002ad8       0xcc load address 0x000000000002fbec
                0x0000000020002ad8                __data_start__ = .
 *(vtable)
 *(.data*)
 .data.log_backend_cb_rtt_log_backend
                0x0000000020002ad8        0x8 _build/nrf52832_xxaa/nrf_log_default_backends.c.o
 .data.m_rtc_inst
                0x0000000020002ae0        0x8 _build/nrf52832_xxaa/app_timer2.c.o
 .data.SystemCoreClock
                0x0000000020002ae8        0x4 _build/nrf52832_xxaa/system_nrf52.c.o
                0x0000000020002ae8                SystemCoreClock
 .data.device_status
                0x0000000020002aec        0x1 _build/nrf52832_xxaa/main.c.o
 *fill*         0x0000000020002aed        0x3 
 .data.m_adv_uuids
                0x0000000020002af0        0x4 _build/nrf52832_xxaa/main.c.o
 .data.m_conn_handle
                0x0000000020002af4        0x2 _build/nrf52832_xxaa/main.c.o
 *fill*         0x0000000020002af6        0x2 
 .data.saadc_status
                0x0000000020002af8        0xc _build/nrf52832_xxaa/main.c.o
 .data.user_desc.10678
                0x0000000020002b04        0xc _build/nrf52832_xxaa/ble_srv_brux.c.o
 .data.user_desc.10690
                0x0000000020002b10        0xc _build/nrf52832_xxaa/ble_srv_brux.c.o
 .data.user_desc.10702
                0x0000000020002b1c        0xb _build/nrf52832_xxaa/ble_srv_brux.c.o
 *fill*         0x0000000020002b27        0x1 
 .data.user_desc.10714
                0x0000000020002b28        0xe _build/nrf52832_xxaa/ble_srv_brux.c.o
 *fill*         0x0000000020002b36        0x2 
 .data          0x0000000020002b38       0x64 /usr/lib/gcc/arm-none-eabi/9.2.1/../../../arm-none-eabi/lib/thumb/v7e-m+fp/hard/libc_nano.a(lib_a-impure.o)
                0x0000000020002b38                _impure_ptr
                0x0000000020002b9c                . = ALIGN (0x4)
                0x0000000020002b9c                PROVIDE (__preinit_array_start = .)
 *(.preinit_array)
                0x0000000020002b9c                PROVIDE (__preinit_array_end = .)
                0x0000000020002b9c                . = ALIGN (0x4)
                0x0000000020002b9c                PROVIDE (__init_array_start = .)
 *(SORT_BY_NAME(.init_array.*))
 *(.init_array)
 .init_array    0x0000000020002b9c        0x4 /usr/lib/gcc/arm-none-eabi/9.2.1/thumb/v7e-m+fp/hard/crtbegin.o
                0x0000000020002ba0                PROVIDE (__init_array_end = .)
                0x0000000020002ba0                . = ALIGN (0x4)
                0x0000000020002ba0                PROVIDE (__fini_array_start = .)
 *(SORT_BY_NAME(.fini_array.*))
 *(.fini_array)
 .fini_array    0x0000000020002ba0        0x4 /usr/lib/gcc/arm-none-eabi/9.2.1/thumb/v7e-m+fp/hard/crtbegin.o
                0x0000000020002ba4                PROVIDE (__fini_array_end = .)
 *(.jcr*)
                0x0000000020002ba4                . = ALIGN (0x4)
                0x0000000020002ba4                __data_end__ = .
LOAD /usr/lib/gcc/arm-none-eabi/9.2.1/thumb/v7e-m+fp/hard/crti.o
LOAD /usr/lib/gcc/arm-none-eabi/9.2.1/thumb/v7e-m+fp/hard/crtbegin.o
LOAD /usr/lib/gcc/arm-none-eabi/9.2.1/../../../arm-none-eabi/lib/thumb/v7e-m+fp/hard/crt0.o
LOAD _build/nrf52832_xxaa/gcc_startup_nrf52.S.o
LOAD _build/nrf52832_xxaa/nrf_log_backend_rtt.c.o
LOAD _build/nrf52832_xxaa/nrf_log_backend_serial.c.o
LOAD _build/nrf52832_xxaa/nrf_log_default_backends.c.o
LOAD _build/nrf52832_xxaa/nrf_log_frontend.c.o
LOAD _build/nrf52832_xxaa/nrf_log_str_formatter.c.o
LOAD _build/nrf52832_xxaa/app_button.c.o
LOAD _build/nrf52832_xxaa/app_error.c.o
LOAD _build/nrf52832_xxaa/app_error_handler_gcc.c.o
LOAD _build/nrf52832_xxaa/app_error_weak.c.o
LOAD _build/nrf52832_xxaa/app_fifo.c.o
LOAD _build/nrf52832_xxaa/app_scheduler.c.o
LOAD _build/nrf52832_xxaa/app_timer2.c.o
LOAD _build/nrf52832_xxaa/app_uart_fifo.c.o
LOAD _build/nrf52832_xxaa/nrfx_saadc.c.o
LOAD _build/nrf52832_xxaa/nrfx_timer.c.o
LOAD _build/nrf52832_xxaa/app_util_platform.c.o
LOAD _build/nrf52832_xxaa/nrfx_rtc.c.o
LOAD _build/nrf52832_xxaa/drv_rtc.c.o
LOAD _build/nrf52832_xxaa/hardfault_implementation.c.o
LOAD _build/nrf52832_xxaa/nrf_assert.c.o
LOAD _build/nrf52832_xxaa/nrf_atfifo.c.o
LOAD _build/nrf52832_xxaa/nrf_atflags.c.o
LOAD _build/nrf52832_xxaa/nrf_atomic.c.o
LOAD _build/nrf52832_xxaa/nrf_balloc.c.o
LOAD _build/nrf52832_xxaa/nrf_fprintf.c.o
LOAD _build/nrf52832_xxaa/nrf_fprintf_format.c.o
LOAD _build/nrf52832_xxaa/nrf_memobj.c.o
LOAD _build/nrf52832_xxaa/nrf_pwr_mgmt.c.o
LOAD _build/nrf52832_xxaa/nrf_ringbuf.c.o
LOAD _build/nrf52832_xxaa/nrf_section_iter.c.o
LOAD _build/nrf52832_xxaa/nrf_sortlist.c.o
LOAD _build/nrf52832_xxaa/nrf_strerror.c.o
LOAD _build/nrf52832_xxaa/retarget.c.o
LOAD _build/nrf52832_xxaa/system_nrf52.c.o
LOAD _build/nrf52832_xxaa/boards.c.o
LOAD _build/nrf52832_xxaa/nrf_drv_clock.c.o
LOAD _build/nrf52832_xxaa/nrf_drv_twi.c.o
LOAD _build/nrf52832_xxaa/nrf_drv_uart.c.o
LOAD _build/nrf52832_xxaa/nrfx_atomic.c.o
LOAD _build/nrf52832_xxaa/nrf_nvmc.c.o
LOAD _build/nrf52832_xxaa/nrfx_clock.c.o
LOAD _build/nrf52832_xxaa/nrfx_gpiote.c.o
LOAD _build/nrf52832_xxaa/nrfx_prs.c.o
LOAD _build/nrf52832_xxaa/nrfx_twi.c.o
LOAD _build/nrf52832_xxaa/nrfx_twim.c.o
LOAD _build/nrf52832_xxaa/nrfx_uart.c.o
LOAD _build/nrf52832_xxaa/nrfx_uarte.c.o
LOAD _build/nrf52832_xxaa/bsp.c.o
LOAD _build/nrf52832_xxaa/bsp_btn_ble.c.o
LOAD _build/nrf52832_xxaa/main.c.o
LOAD _build/nrf52832_xxaa/ble_srv_brux.c.o
LOAD _build/nrf52832_xxaa/SEGGER_RTT.c.o
LOAD _build/nrf52832_xxaa/SEGGER_RTT_Syscalls_GCC.c.o
LOAD _build/nrf52832_xxaa/SEGGER_RTT_printf.c.o
LOAD _build/nrf52832_xxaa/ble_advdata.c.o
LOAD _build/nrf52832_xxaa/ble_advertising.c.o
LOAD _build/nrf52832_xxaa/ble_conn_params.c.o
LOAD _build/nrf52832_xxaa/ble_conn_state.c.o
LOAD _build/nrf52832_xxaa/ble_link_ctx_manager.c.o
LOAD _build/nrf52832_xxaa/ble_srv_common.c.o
LOAD _build/nrf52832_xxaa/nrf_ble_gatt.c.o
LOAD _build/nrf52832_xxaa/nrf_ble_qwr.c.o
LOAD _build/nrf52832_xxaa/utf.c.o
LOAD _build/nrf52832_xxaa/ble_nus.c.o
LOAD _build/nrf52832_xxaa/nrf_sdh.c.o
LOAD _build/nrf52832_xxaa/nrf_sdh_ble.c.o
LOAD _build/nrf52832_xxaa/nrf_sdh_soc.c.o
LOAD /usr/lib/gcc/arm-none-eabi/9.2.1/../../../arm-none-eabi/lib/thumb/v7e-m+fp/hard/libc_nano.a
LOAD /usr/lib/gcc/arm-none-eabi/9.2.1/../../../arm-none-eabi/lib/thumb/v7e-m+fp/hard/libnosys.a
LOAD /usr/lib/gcc/arm-none-eabi/9.2.1/../../../arm-none-eabi/lib/thumb/v7e-m+fp/hard/libm.a
START GROUP
LOAD /usr/lib/gcc/arm-none-eabi/9.2.1/thumb/v7e-m+fp/hard/libgcc.a
LOAD /usr/lib/gcc/arm-none-eabi/9.2.1/../../../arm-none-eabi/lib/thumb/v7e-m+fp/hard/libg_nano.a
LOAD /usr/lib/gcc/arm-none-eabi/9.2.1/../../../arm-none-eabi/lib/thumb/v7e-m+fp/hard/libc_nano.a
END GROUP
START GROUP
LOAD /usr/lib/gcc/arm-none-eabi/9.2.1/thumb/v7e-m+fp/hard/libgcc.a
LOAD /usr/lib/gcc/arm-none-eabi/9.2.1/../../../arm-none-eabi/lib/thumb/v7e-m+fp/hard/libc_nano.a
END GROUP
LOAD /usr/lib/gcc/arm-none-eabi/9.2.1/thumb/v7e-m+fp/hard/crtend.o
LOAD /usr/lib/gcc/arm-none-eabi/9.2.1/thumb/v7e-m+fp/hard/crtn.o
START GROUP
LOAD /usr/lib/gcc/arm-none-eabi/9.2.1/thumb/v7e-m+fp/hard/libgcc.a
LOAD /usr/lib/gcc/arm-none-eabi/9.2.1/../../../arm-none-eabi/lib/thumb/v7e-m+fp/hard/libc.a
LOAD /usr/lib/gcc/arm-none-eabi/9.2.1/../../../arm-none-eabi/lib/thumb/v7e-m+fp/hard/libnosys.a
END GROUP

.tm_clone_table
                0x0000000020002ba4        0x0 load address 0x000000000002fcb8
 .tm_clone_table
                0x0000000020002ba4        0x0 /usr/lib/gcc/arm-none-eabi/9.2.1/thumb/v7e-m+fp/hard/crtbegin.o
 .tm_clone_table
                0x0000000020002ba4        0x0 /usr/lib/gcc/arm-none-eabi/9.2.1/thumb/v7e-m+fp/hard/crtend.o

.igot.plt       0x0000000020002ba4        0x0 load address 0x000000000002fcb8
 .igot.plt      0x0000000020002ba4        0x0 /usr/lib/gcc/arm-none-eabi/9.2.1/thumb/v7e-m+fp/hard/crtbegin.o
                0x0000000020002ba4                . = ALIGN (0x4)

.mem_section_dummy_ram

.cli_sorted_cmd_ptrs
                0x0000000020002ba4        0x0
                [!provide]                        PROVIDE (__start_cli_sorted_cmd_ptrs = .)
 *(.cli_sorted_cmd_ptrs)
                [!provide]                        PROVIDE (__stop_cli_sorted_cmd_ptrs = .)

.fs_data        0x0000000020002ba4        0x0
                [!provide]                        PROVIDE (__start_fs_data = .)
 *(.fs_data)
                [!provide]                        PROVIDE (__stop_fs_data = .)

.log_dynamic_data
                0x0000000020002ba4        0x0
                0x0000000020002ba4                PROVIDE (__start_log_dynamic_data = .)
 *(SORT_BY_NAME(.log_dynamic_data*))
                [!provide]                        PROVIDE (__stop_log_dynamic_data = .)

.log_filter_data
                0x0000000020002ba4        0x0
                [!provide]                        PROVIDE (__start_log_filter_data = .)
 *(SORT_BY_NAME(.log_filter_data*))
                [!provide]                        PROVIDE (__stop_log_filter_data = .)

.bss            0x0000000020002ba8     0x1164 load address 0x000000000002fcc0
                0x0000000020002ba8                . = ALIGN (0x4)
                0x0000000020002ba8                __bss_start__ = .
 *(.bss*)
 .bss           0x0000000020002ba8       0x1c /usr/lib/gcc/arm-none-eabi/9.2.1/thumb/v7e-m+fp/hard/crtbegin.o
 .bss.m_host_present
                0x0000000020002bc4        0x1 _build/nrf52832_xxaa/nrf_log_backend_rtt.c.o
 *fill*         0x0000000020002bc5        0x3 
 .bss.m_string_buff
                0x0000000020002bc8       0x40 _build/nrf52832_xxaa/nrf_log_backend_rtt.c.o
 .bss.log_mempool_nrf_balloc_cb
                0x0000000020002c08        0x8 _build/nrf52832_xxaa/nrf_log_frontend.c.o
 .bss.log_mempool_nrf_balloc_pool_mem
                0x0000000020002c10       0xc0 _build/nrf52832_xxaa/nrf_log_frontend.c.o
 .bss.log_mempool_nrf_balloc_pool_stack
                0x0000000020002cd0        0x8 _build/nrf52832_xxaa/nrf_log_frontend.c.o
 .bss.m_log_data
                0x0000000020002cd8      0x420 _build/nrf52832_xxaa/nrf_log_frontend.c.o
 .bss.m_log_push_ringbuf_buf
                0x00000000200030f8       0x80 _build/nrf52832_xxaa/nrf_log_frontend.c.o
 .bss.m_log_push_ringbuf_cb
                0x0000000020003178       0x18 _build/nrf52832_xxaa/nrf_log_frontend.c.o
 .bss.m_button_count
                0x0000000020003190        0x1 _build/nrf52832_xxaa/app_button.c.o
 *fill*         0x0000000020003191        0x3 
 .bss.m_detection_delay
                0x0000000020003194        0x4 _build/nrf52832_xxaa/app_button.c.o
 .bss.m_detection_delay_timer_id_data
                0x0000000020003198       0x20 _build/nrf52832_xxaa/app_button.c.o
 .bss.m_pin_active
                0x00000000200031b8        0x8 _build/nrf52832_xxaa/app_button.c.o
 .bss.m_pin_states
                0x00000000200031c0       0x10 _build/nrf52832_xxaa/app_button.c.o
 .bss.mp_buttons
                0x00000000200031d0        0x4 _build/nrf52832_xxaa/app_button.c.o
 .bss.m_app_timer_sortlist_sortlist_cb
                0x00000000200031d4        0x4 _build/nrf52832_xxaa/app_timer2.c.o
 .bss.m_base_counter
                0x00000000200031d8        0x8 _build/nrf52832_xxaa/app_timer2.c.o
 .bss.m_global_active
                0x00000000200031e0        0x1 _build/nrf52832_xxaa/app_timer2.c.o
 *fill*         0x00000000200031e1        0x3 
 .bss.m_req_fifo_data
                0x00000000200031e4       0x58 _build/nrf52832_xxaa/app_timer2.c.o
 .bss.m_req_fifo_inst
                0x000000002000323c       0x10 _build/nrf52832_xxaa/app_timer2.c.o
 *fill*         0x000000002000324c        0x4 
 .bss.m_stamp64
                0x0000000020003250        0x8 _build/nrf52832_xxaa/app_timer2.c.o
 .bss.mp_active_timer
                0x0000000020003258        0x4 _build/nrf52832_xxaa/app_timer2.c.o
 .bss.m_cb      0x000000002000325c       0x30 _build/nrf52832_xxaa/nrfx_saadc.c.o
 .bss.m_cb      0x000000002000328c       0x18 _build/nrf52832_xxaa/nrfx_timer.c.o
 .bss.m_cb      0x00000000200032a4        0x3 _build/nrf52832_xxaa/nrfx_rtc.c.o
 *fill*         0x00000000200032a7        0x1 
 .bss.m_handlers
                0x00000000200032a8        0x4 _build/nrf52832_xxaa/nrfx_rtc.c.o
 .bss.m_cb      0x00000000200032ac        0x8 _build/nrf52832_xxaa/drv_rtc.c.o
 .bss.m_handlers
                0x00000000200032b4        0x4 _build/nrf52832_xxaa/drv_rtc.c.o
 .bss.m_handlers_iter
                0x00000000200032b8        0x8 _build/nrf52832_xxaa/nrf_pwr_mgmt.c.o
 .bss.m_shutdown_started
                0x00000000200032c0        0x1 _build/nrf52832_xxaa/nrf_pwr_mgmt.c.o
 *fill*         0x00000000200032c1        0x3 
 .bss.m_sysoff_mtx
                0x00000000200032c4        0x4 _build/nrf52832_xxaa/nrf_pwr_mgmt.c.o
 .bss.m_clock_cb
                0x00000000200032c8       0x14 _build/nrf52832_xxaa/nrf_drv_clock.c.o
 .bss.m_contexts
                0x00000000200032dc        0x8 _build/nrf52832_xxaa/nrf_drv_twi.c.o
 .bss.m_handlers
                0x00000000200032e4        0x8 _build/nrf52832_xxaa/nrf_drv_twi.c.o
 .bss.m_clock_cb
                0x00000000200032ec        0x8 _build/nrf52832_xxaa/nrfx_clock.c.o
 *fill*         0x00000000200032f4        0x4 
 .bss.m_cb      0x00000000200032f8       0x5c _build/nrf52832_xxaa/nrfx_gpiote.c.o
 .bss.m_prs_box_4
                0x0000000020003354        0x8 _build/nrf52832_xxaa/nrfx_prs.c.o
 .bss.m_cb      0x000000002000335c       0x34 _build/nrf52832_xxaa/nrfx_twim.c.o
 .bss.current_long_push_pin_no.9158
                0x0000000020003390        0x1 _build/nrf52832_xxaa/bsp.c.o
 .bss.m_alert_on
                0x0000000020003391        0x1 _build/nrf52832_xxaa/bsp.c.o
 *fill*         0x0000000020003392        0x6 
 .bss.m_bsp_alert_tmr_data
                0x0000000020003398       0x20 _build/nrf52832_xxaa/bsp.c.o
 .bss.m_bsp_button_tmr_data
                0x00000000200033b8       0x20 _build/nrf52832_xxaa/bsp.c.o
 .bss.m_bsp_leds_tmr_data
                0x00000000200033d8       0x20 _build/nrf52832_xxaa/bsp.c.o
 .bss.m_events_list
                0x00000000200033f8        0xc _build/nrf52832_xxaa/bsp.c.o
 .bss.m_indication_type
                0x0000000020003404        0x4 _build/nrf52832_xxaa/bsp.c.o
 .bss.m_leds_clear
                0x0000000020003408        0x1 _build/nrf52832_xxaa/bsp.c.o
 *fill*         0x0000000020003409        0x3 
 .bss.m_registered_callback
                0x000000002000340c        0x4 _build/nrf52832_xxaa/bsp.c.o
 .bss.m_stable_state
                0x0000000020003410        0x1 _build/nrf52832_xxaa/bsp.c.o
 *fill*         0x0000000020003411        0x3 
 .bss.release_event_at_push.9159
                0x0000000020003414        0x4 _build/nrf52832_xxaa/bsp.c.o
 .bss.m_error_handler
                0x0000000020003418        0x4 _build/nrf52832_xxaa/bsp_btn_ble.c.o
 .bss.m_num_connections
                0x000000002000341c        0x4 _build/nrf52832_xxaa/bsp_btn_ble.c.o
 .bss.m_accel_notification_data
                0x0000000020003420       0x20 _build/nrf52832_xxaa/main.c.o
 .bss.m_advertising
                0x0000000020003440      0x434 _build/nrf52832_xxaa/main.c.o
 .bss.m_brux    0x0000000020003874       0x2c _build/nrf52832_xxaa/main.c.o
 .bss.m_buffer_pool
                0x00000000200038a0        0x8 _build/nrf52832_xxaa/main.c.o
 .bss.m_gatt    0x00000000200038a8       0x14 _build/nrf52832_xxaa/main.c.o
 *fill*         0x00000000200038bc        0x4 
 .bss.m_gyro_notification_data
                0x00000000200038c0       0x20 _build/nrf52832_xxaa/main.c.o
 .bss.m_qwr     0x00000000200038e0        0xc _build/nrf52832_xxaa/main.c.o
 .bss.m_xfer_done
                0x00000000200038ec        0x1 _build/nrf52832_xxaa/main.c.o
                0x00000000200038ec                m_xfer_done
 *fill*         0x00000000200038ed        0x3 
 .bss.mpu_status
                0x00000000200038f0        0x5 _build/nrf52832_xxaa/main.c.o
 *fill*         0x00000000200038f5        0x1 
 .bss.sensor1.14906
                0x00000000200038f6        0x2 _build/nrf52832_xxaa/main.c.o
 .bss.sensor2.14907
                0x00000000200038f8        0x2 _build/nrf52832_xxaa/main.c.o
 *fill*         0x00000000200038fa        0x2 
 .bss._acDownBuffer
                0x00000000200038fc       0x10 _build/nrf52832_xxaa/SEGGER_RTT.c.o
 .bss._acUpBuffer
                0x000000002000390c      0x200 _build/nrf52832_xxaa/SEGGER_RTT.c.o
 .bss.m_conn_params_config
                0x0000000020003b0c       0x1c _build/nrf52832_xxaa/ble_conn_params.c.o
 .bss.m_conn_params_instances
                0x0000000020003b28       0x14 _build/nrf52832_xxaa/ble_conn_params.c.o
 .bss.m_preferred_conn_params
                0x0000000020003b3c        0x8 _build/nrf52832_xxaa/ble_conn_params.c.o
 *fill*         0x0000000020003b44        0x4 
 .bss.m_timer_data
                0x0000000020003b48       0x20 _build/nrf52832_xxaa/ble_conn_params.c.o
 .bss.m_bcs     0x0000000020003b68       0x7c _build/nrf52832_xxaa/ble_conn_state.c.o
 .bss.m_nrf_sdh_continue
                0x0000000020003be4        0x1 _build/nrf52832_xxaa/nrf_sdh.c.o
 .bss.m_nrf_sdh_enabled
                0x0000000020003be5        0x1 _build/nrf52832_xxaa/nrf_sdh.c.o
 .bss.m_nrf_sdh_suspended
                0x0000000020003be6        0x1 _build/nrf52832_xxaa/nrf_sdh.c.o
 .bss.m_stack_is_enabled
                0x0000000020003be7        0x1 _build/nrf52832_xxaa/nrf_sdh_ble.c.o
 .bss           0x0000000020003be8       0x8c /usr/lib/gcc/arm-none-eabi/9.2.1/../../../arm-none-eabi/lib/thumb/v7e-m+fp/hard/libc_nano.a(lib_a-__atexit.o)
 .bss           0x0000000020003c74        0x4 /usr/lib/gcc/arm-none-eabi/9.2.1/../../../arm-none-eabi/lib/thumb/v7e-m+fp/hard/libc_nano.a(lib_a-__call_atexit.o)
                0x0000000020003c74                _global_atexit
 *(COMMON)
 COMMON         0x0000000020003c78        0xc _build/nrf52832_xxaa/app_util_platform.c.o
                0x0000000020003c78                nrf_nvic_state
 COMMON         0x0000000020003c84        0xe _build/nrf52832_xxaa/main.c.o
                0x0000000020003c84                m_sample_gyro
                0x0000000020003c8c                m_sample_accel
 *fill*         0x0000000020003c92        0x2 
 COMMON         0x0000000020003c94       0x78 _build/nrf52832_xxaa/SEGGER_RTT.c.o
                0x0000000020003c94                _SEGGER_RTT
                0x0000000020003d0c                . = ALIGN (0x4)
                0x0000000020003d0c                __bss_end__ = .

.heap           0x0000000020003d10     0x2000
                0x0000000020003d10                __HeapBase = .
                0x0000000020003d10                __end__ = .
                [!provide]                        PROVIDE (end = .)
 *(.heap*)
 .heap          0x0000000020003d10     0x2000 _build/nrf52832_xxaa/gcc_startup_nrf52.S.o
                0x0000000020005d10                __HeapLimit = .

.stack_dummy    0x0000000020003d10     0x2000
 *(.stack*)
 .stack         0x0000000020003d10     0x2000 _build/nrf52832_xxaa/gcc_startup_nrf52.S.o
                0x0000000020010000                __StackTop = (ORIGIN (RAM) + LENGTH (RAM))
                0x000000002000e000                __StackLimit = (__StackTop - SIZEOF (.stack_dummy))
                0x0000000020010000                PROVIDE (__stack = __StackTop)
                0x0000000000000001                ASSERT ((__StackLimit >= __HeapLimit), region RAM overflowed with stack)
                0x00000000000000d0                DataInitFlashUsed = (__bss_start__ - __data_start__)
                0x0000000000009bec                CodeFlashUsed = (__etext - ORIGIN (FLASH))
                0x0000000000009cbc                TotalFlashUsed = (CodeFlashUsed + DataInitFlashUsed)
                0x0000000000000001                ASSERT ((TotalFlashUsed <= LENGTH (FLASH)), region FLASH overflowed with .data and user data)
OUTPUT(_build/nrf52832_xxaa.out elf32-littlearm)
LOAD linker stubs

.ARM.attributes
                0x0000000000000000       0x30
 .ARM.attributes
                0x0000000000000000       0x1e /usr/lib/gcc/arm-none-eabi/9.2.1/thumb/v7e-m+fp/hard/crti.o
 .ARM.attributes
                0x000000000000001e       0x34 /usr/lib/gcc/arm-none-eabi/9.2.1/thumb/v7e-m+fp/hard/crtbegin.o
 .ARM.attributes
                0x0000000000000052       0x1c /usr/lib/gcc/arm-none-eabi/9.2.1/../../../arm-none-eabi/lib/thumb/v7e-m+fp/hard/crt0.o
 .ARM.attributes
                0x000000000000006e       0x20 _build/nrf52832_xxaa/gcc_startup_nrf52.S.o
 .ARM.attributes
                0x000000000000008e       0x34 _build/nrf52832_xxaa/nrf_log_backend_rtt.c.o
 .ARM.attributes
                0x00000000000000c2       0x34 _build/nrf52832_xxaa/nrf_log_backend_serial.c.o
 .ARM.attributes
                0x00000000000000f6       0x34 _build/nrf52832_xxaa/nrf_log_default_backends.c.o
 .ARM.attributes
                0x000000000000012a       0x34 _build/nrf52832_xxaa/nrf_log_frontend.c.o
 .ARM.attributes
                0x000000000000015e       0x34 _build/nrf52832_xxaa/nrf_log_str_formatter.c.o
 .ARM.attributes
                0x0000000000000192       0x34 _build/nrf52832_xxaa/app_button.c.o
 .ARM.attributes
                0x00000000000001c6       0x34 _build/nrf52832_xxaa/app_error.c.o
 .ARM.attributes
                0x00000000000001fa       0x34 _build/nrf52832_xxaa/app_error_weak.c.o
 .ARM.attributes
                0x000000000000022e       0x34 _build/nrf52832_xxaa/app_timer2.c.o
 .ARM.attributes
                0x0000000000000262       0x34 _build/nrf52832_xxaa/nrfx_saadc.c.o
 .ARM.attributes
                0x0000000000000296       0x34 _build/nrf52832_xxaa/nrfx_timer.c.o
 .ARM.attributes
                0x00000000000002ca       0x34 _build/nrf52832_xxaa/app_util_platform.c.o
 .ARM.attributes
                0x00000000000002fe       0x34 _build/nrf52832_xxaa/nrfx_rtc.c.o
 .ARM.attributes
                0x0000000000000332       0x34 _build/nrf52832_xxaa/drv_rtc.c.o
 .ARM.attributes
                0x0000000000000366       0x34 _build/nrf52832_xxaa/nrf_atfifo.c.o
 .ARM.attributes
                0x000000000000039a       0x34 _build/nrf52832_xxaa/nrf_atflags.c.o
 .ARM.attributes
                0x00000000000003ce       0x34 _build/nrf52832_xxaa/nrf_atomic.c.o
 .ARM.attributes
                0x0000000000000402       0x34 _build/nrf52832_xxaa/nrf_balloc.c.o
 .ARM.attributes
                0x0000000000000436       0x34 _build/nrf52832_xxaa/nrf_fprintf.c.o
 .ARM.attributes
                0x000000000000046a       0x34 _build/nrf52832_xxaa/nrf_fprintf_format.c.o
 .ARM.attributes
                0x000000000000049e       0x34 _build/nrf52832_xxaa/nrf_memobj.c.o
 .ARM.attributes
                0x00000000000004d2       0x34 _build/nrf52832_xxaa/nrf_pwr_mgmt.c.o
 .ARM.attributes
                0x0000000000000506       0x34 _build/nrf52832_xxaa/nrf_ringbuf.c.o
 .ARM.attributes
                0x000000000000053a       0x34 _build/nrf52832_xxaa/nrf_section_iter.c.o
 .ARM.attributes
                0x000000000000056e       0x34 _build/nrf52832_xxaa/nrf_sortlist.c.o
 .ARM.attributes
                0x00000000000005a2       0x34 _build/nrf52832_xxaa/nrf_strerror.c.o
 .ARM.attributes
                0x00000000000005d6       0x34 _build/nrf52832_xxaa/system_nrf52.c.o
 .ARM.attributes
                0x000000000000060a       0x34 _build/nrf52832_xxaa/boards.c.o
 .ARM.attributes
                0x000000000000063e       0x34 _build/nrf52832_xxaa/nrf_drv_clock.c.o
 .ARM.attributes
                0x0000000000000672       0x34 _build/nrf52832_xxaa/nrf_drv_twi.c.o
 .ARM.attributes
                0x00000000000006a6       0x34 _build/nrf52832_xxaa/nrfx_clock.c.o
 .ARM.attributes
                0x00000000000006da       0x34 _build/nrf52832_xxaa/nrfx_gpiote.c.o
 .ARM.attributes
                0x000000000000070e       0x34 _build/nrf52832_xxaa/nrfx_prs.c.o
 .ARM.attributes
                0x0000000000000742       0x34 _build/nrf52832_xxaa/nrfx_twim.c.o
 .ARM.attributes
                0x0000000000000776       0x34 _build/nrf52832_xxaa/nrfx_uart.c.o
 .ARM.attributes
                0x00000000000007aa       0x34 _build/nrf52832_xxaa/nrfx_uarte.c.o
 .ARM.attributes
                0x00000000000007de       0x34 _build/nrf52832_xxaa/bsp.c.o
 .ARM.attributes
                0x0000000000000812       0x34 _build/nrf52832_xxaa/bsp_btn_ble.c.o
 .ARM.attributes
                0x0000000000000846       0x34 _build/nrf52832_xxaa/main.c.o
 .ARM.attributes
                0x000000000000087a       0x34 _build/nrf52832_xxaa/ble_srv_brux.c.o
 .ARM.attributes
                0x00000000000008ae       0x34 _build/nrf52832_xxaa/SEGGER_RTT.c.o
 .ARM.attributes
                0x00000000000008e2       0x34 _build/nrf52832_xxaa/ble_advdata.c.o
 .ARM.attributes
                0x0000000000000916       0x34 _build/nrf52832_xxaa/ble_advertising.c.o
 .ARM.attributes
                0x000000000000094a       0x34 _build/nrf52832_xxaa/ble_conn_params.c.o
 .ARM.attributes
                0x000000000000097e       0x34 _build/nrf52832_xxaa/ble_conn_state.c.o
 .ARM.attributes
                0x00000000000009b2       0x34 _build/nrf52832_xxaa/ble_srv_common.c.o
 .ARM.attributes
                0x00000000000009e6       0x34 _build/nrf52832_xxaa/nrf_ble_gatt.c.o
 .ARM.attributes
                0x0000000000000a1a       0x34 _build/nrf52832_xxaa/nrf_ble_qwr.c.o
 .ARM.attributes
                0x0000000000000a4e       0x34 _build/nrf52832_xxaa/ble_nus.c.o
 .ARM.attributes
                0x0000000000000a82       0x34 _build/nrf52832_xxaa/nrf_sdh.c.o
 .ARM.attributes
                0x0000000000000ab6       0x34 _build/nrf52832_xxaa/nrf_sdh_ble.c.o
 .ARM.attributes
                0x0000000000000aea       0x34 _build/nrf52832_xxaa/nrf_sdh_soc.c.o
 .ARM.attributes
                0x0000000000000b1e       0x34 /usr/lib/gcc/arm-none-eabi/9.2.1/../../../arm-none-eabi/lib/thumb/v7e-m+fp/hard/libc_nano.a(lib_a-atexit.o)
 .ARM.attributes
                0x0000000000000b52       0x32 /usr/lib/gcc/arm-none-eabi/9.2.1/../../../arm-none-eabi/lib/thumb/v7e-m+fp/hard/libc_nano.a(lib_a-ctype_.o)
 .ARM.attributes
                0x0000000000000b84       0x34 /usr/lib/gcc/arm-none-eabi/9.2.1/../../../arm-none-eabi/lib/thumb/v7e-m+fp/hard/libc_nano.a(lib_a-exit.o)
 .ARM.attributes
                0x0000000000000bb8       0x34 /usr/lib/gcc/arm-none-eabi/9.2.1/../../../arm-none-eabi/lib/thumb/v7e-m+fp/hard/libc_nano.a(lib_a-fini.o)
 .ARM.attributes
                0x0000000000000bec       0x32 /usr/lib/gcc/arm-none-eabi/9.2.1/../../../arm-none-eabi/lib/thumb/v7e-m+fp/hard/libc_nano.a(lib_a-impure.o)
 .ARM.attributes
                0x0000000000000c1e       0x34 /usr/lib/gcc/arm-none-eabi/9.2.1/../../../arm-none-eabi/lib/thumb/v7e-m+fp/hard/libc_nano.a(lib_a-init.o)
 .ARM.attributes
                0x0000000000000c52       0x1c /usr/lib/gcc/arm-none-eabi/9.2.1/../../../arm-none-eabi/lib/thumb/v7e-m+fp/hard/libc_nano.a(lib_a-memcpy.o)
 .ARM.attributes
                0x0000000000000c6e       0x34 /usr/lib/gcc/arm-none-eabi/9.2.1/../../../arm-none-eabi/lib/thumb/v7e-m+fp/hard/libc_nano.a(lib_a-memset.o)
 .ARM.attributes
                0x0000000000000ca2       0x34 /usr/lib/gcc/arm-none-eabi/9.2.1/../../../arm-none-eabi/lib/thumb/v7e-m+fp/hard/libc_nano.a(lib_a-strcpy.o)
 .ARM.attributes
                0x0000000000000cd6       0x1c /usr/lib/gcc/arm-none-eabi/9.2.1/../../../arm-none-eabi/lib/thumb/v7e-m+fp/hard/libc_nano.a(lib_a-strlen.o)
 .ARM.attributes
                0x0000000000000cf2       0x34 /usr/lib/gcc/arm-none-eabi/9.2.1/../../../arm-none-eabi/lib/thumb/v7e-m+fp/hard/libc_nano.a(lib_a-__atexit.o)
 .ARM.attributes
                0x0000000000000d26       0x34 /usr/lib/gcc/arm-none-eabi/9.2.1/../../../arm-none-eabi/lib/thumb/v7e-m+fp/hard/libc_nano.a(lib_a-__call_atexit.o)
 .ARM.attributes
                0x0000000000000d5a       0x34 /usr/lib/gcc/arm-none-eabi/9.2.1/../../../arm-none-eabi/lib/thumb/v7e-m+fp/hard/libnosys.a(_exit.o)
 .ARM.attributes
                0x0000000000000d8e       0x1e /usr/lib/gcc/arm-none-eabi/9.2.1/thumb/v7e-m+fp/hard/libgcc.a(_aeabi_uldivmod.o)
 .ARM.attributes
                0x0000000000000dac       0x34 /usr/lib/gcc/arm-none-eabi/9.2.1/thumb/v7e-m+fp/hard/libgcc.a(_udivmoddi4.o)
 .ARM.attributes
                0x0000000000000de0       0x1e /usr/lib/gcc/arm-none-eabi/9.2.1/thumb/v7e-m+fp/hard/libgcc.a(_dvmd_tls.o)
 .ARM.attributes
                0x0000000000000dfe       0x32 /usr/lib/gcc/arm-none-eabi/9.2.1/thumb/v7e-m+fp/hard/crtend.o
 .ARM.attributes
                0x0000000000000e30       0x1e /usr/lib/gcc/arm-none-eabi/9.2.1/thumb/v7e-m+fp/hard/crtn.o

.comment        0x0000000000000000       0xa7
 .comment       0x0000000000000000       0x59 /usr/lib/gcc/arm-none-eabi/9.2.1/thumb/v7e-m+fp/hard/crtbegin.o
                                         0x5a (size before relaxing)
 .comment       0x0000000000000059       0x5a _build/nrf52832_xxaa/nrf_log_backend_rtt.c.o
 .comment       0x0000000000000059       0x5a _build/nrf52832_xxaa/nrf_log_backend_serial.c.o
 .comment       0x0000000000000059       0x5a _build/nrf52832_xxaa/nrf_log_default_backends.c.o
 .comment       0x0000000000000059       0x5a _build/nrf52832_xxaa/nrf_log_frontend.c.o
 .comment       0x0000000000000059       0x5a _build/nrf52832_xxaa/nrf_log_str_formatter.c.o
 .comment       0x0000000000000059       0x5a _build/nrf52832_xxaa/app_button.c.o
 .comment       0x0000000000000059       0x5a _build/nrf52832_xxaa/app_error.c.o
 .comment       0x0000000000000059       0x5a _build/nrf52832_xxaa/app_error_weak.c.o
 .comment       0x0000000000000059       0x5a _build/nrf52832_xxaa/app_timer2.c.o
 .comment       0x0000000000000059       0x5a _build/nrf52832_xxaa/nrfx_saadc.c.o
 .comment       0x0000000000000059       0x5a _build/nrf52832_xxaa/nrfx_timer.c.o
 .comment       0x0000000000000059       0x5a _build/nrf52832_xxaa/app_util_platform.c.o
 .comment       0x0000000000000059       0x5a _build/nrf52832_xxaa/nrfx_rtc.c.o